--------------------------------------------------------------------------------
Release 13.4 Trace  (lin64)
Copyright (c) 1995-2011 Xilinx, Inc.  All rights reserved.

/opt/Xilinx/13.4/ISE_DS/ISE/bin/lin64/unwrapped/trce -intstyle ise -v 3 -s 5 -n
3 -fastpaths -xml adder31bit.twx adder31bit.ncd -o adder31bit.twr
adder31bit.pcf

Design file:              adder31bit.ncd
Physical constraint file: adder31bit.pcf
Device,package,speed:     xc3s500e,fg320,-5 (PRODUCTION 1.27 2012-01-07)
Report level:             verbose report

Environment Variable      Effect 
--------------------      ------ 
NONE                      No environment variables were set
--------------------------------------------------------------------------------

INFO:Timing:2698 - No timing constraints found, doing default enumeration.
INFO:Timing:3412 - To improve timing, see the Timing Closure User Guide (UG612).
INFO:Timing:2752 - To get complete path coverage, use the unconstrained paths 
   option. All paths that are not constrained will be reported in the 
   unconstrained paths section(s) of the report.
INFO:Timing:3339 - The clock-to-out numbers in this timing report are based on 
   a 50 Ohm transmission line loading model.  For the details of this model, 
   and for more information on accounting for different loading conditions, 
   please see the device datasheet.
INFO:Timing:3390 - This architecture does not support a default System Jitter 
   value, please add SYSTEM_JITTER constraint to the UCF to modify the Clock 
   Uncertainty calculation.
INFO:Timing:3389 - This architecture does not support 'Discrete Jitter' and 
   'Phase Error' calculations, these terms will be zero in the Clock 
   Uncertainty calculation.  Please make appropriate modification to 
   SYSTEM_JITTER to account for the unsupported Discrete Jitter and Phase 
   Error.



Data Sheet report:
-----------------
All values displayed in nanoseconds (ns)

Pad to Pad
---------------+---------------+---------+
Source Pad     |Destination Pad|  Delay  |
---------------+---------------+---------+
c_in           |c_out          |   38.015|
c_in           |sum<0>         |    6.540|
c_in           |sum<1>         |    9.217|
c_in           |sum<2>         |   10.021|
c_in           |sum<3>         |   10.844|
c_in           |sum<4>         |   11.616|
c_in           |sum<5>         |   12.524|
c_in           |sum<6>         |   13.273|
c_in           |sum<7>         |   13.540|
c_in           |sum<8>         |   16.377|
c_in           |sum<9>         |   16.976|
c_in           |sum<10>        |   17.962|
c_in           |sum<11>        |   19.336|
c_in           |sum<12>        |   19.872|
c_in           |sum<13>        |   20.648|
c_in           |sum<14>        |   22.553|
c_in           |sum<15>        |   22.940|
c_in           |sum<16>        |   24.050|
c_in           |sum<17>        |   24.686|
c_in           |sum<18>        |   25.299|
c_in           |sum<19>        |   27.352|
c_in           |sum<20>        |   27.671|
c_in           |sum<21>        |   29.172|
c_in           |sum<22>        |   31.035|
c_in           |sum<23>        |   31.312|
c_in           |sum<24>        |   31.864|
c_in           |sum<25>        |   33.711|
c_in           |sum<26>        |   34.135|
c_in           |sum<27>        |   35.067|
c_in           |sum<28>        |   36.327|
c_in           |sum<29>        |   36.578|
c_in           |sum<30>        |   37.664|
c_in           |sum<31>        |   37.766|
c_in           |v              |   38.241|
x<0>           |c_out          |   36.720|
x<0>           |sum<0>         |    6.523|
x<0>           |sum<1>         |    7.922|
x<0>           |sum<2>         |    8.726|
x<0>           |sum<3>         |    9.549|
x<0>           |sum<4>         |   10.321|
x<0>           |sum<5>         |   11.229|
x<0>           |sum<6>         |   11.978|
x<0>           |sum<7>         |   12.245|
x<0>           |sum<8>         |   15.082|
x<0>           |sum<9>         |   15.681|
x<0>           |sum<10>        |   16.667|
x<0>           |sum<11>        |   18.041|
x<0>           |sum<12>        |   18.577|
x<0>           |sum<13>        |   19.353|
x<0>           |sum<14>        |   21.258|
x<0>           |sum<15>        |   21.645|
x<0>           |sum<16>        |   22.755|
x<0>           |sum<17>        |   23.391|
x<0>           |sum<18>        |   24.004|
x<0>           |sum<19>        |   26.057|
x<0>           |sum<20>        |   26.376|
x<0>           |sum<21>        |   27.877|
x<0>           |sum<22>        |   29.740|
x<0>           |sum<23>        |   30.017|
x<0>           |sum<24>        |   30.569|
x<0>           |sum<25>        |   32.416|
x<0>           |sum<26>        |   32.840|
x<0>           |sum<27>        |   33.772|
x<0>           |sum<28>        |   35.032|
x<0>           |sum<29>        |   35.283|
x<0>           |sum<30>        |   36.369|
x<0>           |sum<31>        |   36.471|
x<0>           |v              |   36.946|
x<1>           |c_out          |   35.995|
x<1>           |sum<1>         |    6.536|
x<1>           |sum<2>         |    8.001|
x<1>           |sum<3>         |    8.824|
x<1>           |sum<4>         |    9.596|
x<1>           |sum<5>         |   10.504|
x<1>           |sum<6>         |   11.253|
x<1>           |sum<7>         |   11.520|
x<1>           |sum<8>         |   14.357|
x<1>           |sum<9>         |   14.956|
x<1>           |sum<10>        |   15.942|
x<1>           |sum<11>        |   17.316|
x<1>           |sum<12>        |   17.852|
x<1>           |sum<13>        |   18.628|
x<1>           |sum<14>        |   20.533|
x<1>           |sum<15>        |   20.920|
x<1>           |sum<16>        |   22.030|
x<1>           |sum<17>        |   22.666|
x<1>           |sum<18>        |   23.279|
x<1>           |sum<19>        |   25.332|
x<1>           |sum<20>        |   25.651|
x<1>           |sum<21>        |   27.152|
x<1>           |sum<22>        |   29.015|
x<1>           |sum<23>        |   29.292|
x<1>           |sum<24>        |   29.844|
x<1>           |sum<25>        |   31.691|
x<1>           |sum<26>        |   32.115|
x<1>           |sum<27>        |   33.047|
x<1>           |sum<28>        |   34.307|
x<1>           |sum<29>        |   34.558|
x<1>           |sum<30>        |   35.644|
x<1>           |sum<31>        |   35.746|
x<1>           |v              |   36.221|
x<2>           |c_out          |   34.686|
x<2>           |sum<2>         |    5.692|
x<2>           |sum<3>         |    7.515|
x<2>           |sum<4>         |    8.287|
x<2>           |sum<5>         |    9.195|
x<2>           |sum<6>         |    9.944|
x<2>           |sum<7>         |   10.211|
x<2>           |sum<8>         |   13.048|
x<2>           |sum<9>         |   13.647|
x<2>           |sum<10>        |   14.633|
x<2>           |sum<11>        |   16.007|
x<2>           |sum<12>        |   16.543|
x<2>           |sum<13>        |   17.319|
x<2>           |sum<14>        |   19.224|
x<2>           |sum<15>        |   19.611|
x<2>           |sum<16>        |   20.721|
x<2>           |sum<17>        |   21.357|
x<2>           |sum<18>        |   21.970|
x<2>           |sum<19>        |   24.023|
x<2>           |sum<20>        |   24.342|
x<2>           |sum<21>        |   25.843|
x<2>           |sum<22>        |   27.706|
x<2>           |sum<23>        |   27.983|
x<2>           |sum<24>        |   28.535|
x<2>           |sum<25>        |   30.382|
x<2>           |sum<26>        |   30.806|
x<2>           |sum<27>        |   31.738|
x<2>           |sum<28>        |   32.998|
x<2>           |sum<29>        |   33.249|
x<2>           |sum<30>        |   34.335|
x<2>           |sum<31>        |   34.437|
x<2>           |v              |   34.912|
x<3>           |c_out          |   34.588|
x<3>           |sum<3>         |    6.548|
x<3>           |sum<4>         |    8.189|
x<3>           |sum<5>         |    9.097|
x<3>           |sum<6>         |    9.846|
x<3>           |sum<7>         |   10.113|
x<3>           |sum<8>         |   12.950|
x<3>           |sum<9>         |   13.549|
x<3>           |sum<10>        |   14.535|
x<3>           |sum<11>        |   15.909|
x<3>           |sum<12>        |   16.445|
x<3>           |sum<13>        |   17.221|
x<3>           |sum<14>        |   19.126|
x<3>           |sum<15>        |   19.513|
x<3>           |sum<16>        |   20.623|
x<3>           |sum<17>        |   21.259|
x<3>           |sum<18>        |   21.872|
x<3>           |sum<19>        |   23.925|
x<3>           |sum<20>        |   24.244|
x<3>           |sum<21>        |   25.745|
x<3>           |sum<22>        |   27.608|
x<3>           |sum<23>        |   27.885|
x<3>           |sum<24>        |   28.437|
x<3>           |sum<25>        |   30.284|
x<3>           |sum<26>        |   30.708|
x<3>           |sum<27>        |   31.640|
x<3>           |sum<28>        |   32.900|
x<3>           |sum<29>        |   33.151|
x<3>           |sum<30>        |   34.237|
x<3>           |sum<31>        |   34.339|
x<3>           |v              |   34.814|
x<4>           |c_out          |   33.934|
x<4>           |sum<4>         |    6.007|
x<4>           |sum<5>         |    8.443|
x<4>           |sum<6>         |    9.192|
x<4>           |sum<7>         |    9.459|
x<4>           |sum<8>         |   12.296|
x<4>           |sum<9>         |   12.895|
x<4>           |sum<10>        |   13.881|
x<4>           |sum<11>        |   15.255|
x<4>           |sum<12>        |   15.791|
x<4>           |sum<13>        |   16.567|
x<4>           |sum<14>        |   18.472|
x<4>           |sum<15>        |   18.859|
x<4>           |sum<16>        |   19.969|
x<4>           |sum<17>        |   20.605|
x<4>           |sum<18>        |   21.218|
x<4>           |sum<19>        |   23.271|
x<4>           |sum<20>        |   23.590|
x<4>           |sum<21>        |   25.091|
x<4>           |sum<22>        |   26.954|
x<4>           |sum<23>        |   27.231|
x<4>           |sum<24>        |   27.783|
x<4>           |sum<25>        |   29.630|
x<4>           |sum<26>        |   30.054|
x<4>           |sum<27>        |   30.986|
x<4>           |sum<28>        |   32.246|
x<4>           |sum<29>        |   32.497|
x<4>           |sum<30>        |   33.583|
x<4>           |sum<31>        |   33.685|
x<4>           |v              |   34.160|
x<5>           |c_out          |   33.284|
x<5>           |sum<5>         |    6.720|
x<5>           |sum<6>         |    8.542|
x<5>           |sum<7>         |    8.809|
x<5>           |sum<8>         |   11.646|
x<5>           |sum<9>         |   12.245|
x<5>           |sum<10>        |   13.231|
x<5>           |sum<11>        |   14.605|
x<5>           |sum<12>        |   15.141|
x<5>           |sum<13>        |   15.917|
x<5>           |sum<14>        |   17.822|
x<5>           |sum<15>        |   18.209|
x<5>           |sum<16>        |   19.319|
x<5>           |sum<17>        |   19.955|
x<5>           |sum<18>        |   20.568|
x<5>           |sum<19>        |   22.621|
x<5>           |sum<20>        |   22.940|
x<5>           |sum<21>        |   24.441|
x<5>           |sum<22>        |   26.304|
x<5>           |sum<23>        |   26.581|
x<5>           |sum<24>        |   27.133|
x<5>           |sum<25>        |   28.980|
x<5>           |sum<26>        |   29.404|
x<5>           |sum<27>        |   30.336|
x<5>           |sum<28>        |   31.596|
x<5>           |sum<29>        |   31.847|
x<5>           |sum<30>        |   32.933|
x<5>           |sum<31>        |   33.035|
x<5>           |v              |   33.510|
x<6>           |c_out          |   32.184|
x<6>           |sum<6>         |    6.838|
x<6>           |sum<7>         |    7.709|
x<6>           |sum<8>         |   10.546|
x<6>           |sum<9>         |   11.145|
x<6>           |sum<10>        |   12.131|
x<6>           |sum<11>        |   13.505|
x<6>           |sum<12>        |   14.041|
x<6>           |sum<13>        |   14.817|
x<6>           |sum<14>        |   16.722|
x<6>           |sum<15>        |   17.109|
x<6>           |sum<16>        |   18.219|
x<6>           |sum<17>        |   18.855|
x<6>           |sum<18>        |   19.468|
x<6>           |sum<19>        |   21.521|
x<6>           |sum<20>        |   21.840|
x<6>           |sum<21>        |   23.341|
x<6>           |sum<22>        |   25.204|
x<6>           |sum<23>        |   25.481|
x<6>           |sum<24>        |   26.033|
x<6>           |sum<25>        |   27.880|
x<6>           |sum<26>        |   28.304|
x<6>           |sum<27>        |   29.236|
x<6>           |sum<28>        |   30.496|
x<6>           |sum<29>        |   30.747|
x<6>           |sum<30>        |   31.833|
x<6>           |sum<31>        |   31.935|
x<6>           |v              |   32.410|
x<7>           |c_out          |   32.772|
x<7>           |sum<7>         |    7.094|
x<7>           |sum<8>         |   11.134|
x<7>           |sum<9>         |   11.733|
x<7>           |sum<10>        |   12.719|
x<7>           |sum<11>        |   14.093|
x<7>           |sum<12>        |   14.629|
x<7>           |sum<13>        |   15.405|
x<7>           |sum<14>        |   17.310|
x<7>           |sum<15>        |   17.697|
x<7>           |sum<16>        |   18.807|
x<7>           |sum<17>        |   19.443|
x<7>           |sum<18>        |   20.056|
x<7>           |sum<19>        |   22.109|
x<7>           |sum<20>        |   22.428|
x<7>           |sum<21>        |   23.929|
x<7>           |sum<22>        |   25.792|
x<7>           |sum<23>        |   26.069|
x<7>           |sum<24>        |   26.621|
x<7>           |sum<25>        |   28.468|
x<7>           |sum<26>        |   28.892|
x<7>           |sum<27>        |   29.824|
x<7>           |sum<28>        |   31.084|
x<7>           |sum<29>        |   31.335|
x<7>           |sum<30>        |   32.421|
x<7>           |sum<31>        |   32.523|
x<7>           |v              |   32.998|
x<8>           |c_out          |   29.172|
x<8>           |sum<8>         |    7.423|
x<8>           |sum<9>         |    8.133|
x<8>           |sum<10>        |    9.119|
x<8>           |sum<11>        |   10.493|
x<8>           |sum<12>        |   11.029|
x<8>           |sum<13>        |   11.805|
x<8>           |sum<14>        |   13.710|
x<8>           |sum<15>        |   14.097|
x<8>           |sum<16>        |   15.207|
x<8>           |sum<17>        |   15.843|
x<8>           |sum<18>        |   16.456|
x<8>           |sum<19>        |   18.509|
x<8>           |sum<20>        |   18.828|
x<8>           |sum<21>        |   20.329|
x<8>           |sum<22>        |   22.192|
x<8>           |sum<23>        |   22.469|
x<8>           |sum<24>        |   23.021|
x<8>           |sum<25>        |   24.868|
x<8>           |sum<26>        |   25.292|
x<8>           |sum<27>        |   26.224|
x<8>           |sum<28>        |   27.484|
x<8>           |sum<29>        |   27.735|
x<8>           |sum<30>        |   28.821|
x<8>           |sum<31>        |   28.923|
x<8>           |v              |   29.398|
x<9>           |c_out          |   28.683|
x<9>           |sum<9>         |    7.144|
x<9>           |sum<10>        |    8.630|
x<9>           |sum<11>        |   10.004|
x<9>           |sum<12>        |   10.540|
x<9>           |sum<13>        |   11.316|
x<9>           |sum<14>        |   13.221|
x<9>           |sum<15>        |   13.608|
x<9>           |sum<16>        |   14.718|
x<9>           |sum<17>        |   15.354|
x<9>           |sum<18>        |   15.967|
x<9>           |sum<19>        |   18.020|
x<9>           |sum<20>        |   18.339|
x<9>           |sum<21>        |   19.840|
x<9>           |sum<22>        |   21.703|
x<9>           |sum<23>        |   21.980|
x<9>           |sum<24>        |   22.532|
x<9>           |sum<25>        |   24.379|
x<9>           |sum<26>        |   24.803|
x<9>           |sum<27>        |   25.735|
x<9>           |sum<28>        |   26.995|
x<9>           |sum<29>        |   27.246|
x<9>           |sum<30>        |   28.332|
x<9>           |sum<31>        |   28.434|
x<9>           |v              |   28.909|
x<10>          |c_out          |   27.201|
x<10>          |sum<10>        |    7.148|
x<10>          |sum<11>        |    8.522|
x<10>          |sum<12>        |    9.058|
x<10>          |sum<13>        |    9.834|
x<10>          |sum<14>        |   11.739|
x<10>          |sum<15>        |   12.126|
x<10>          |sum<16>        |   13.236|
x<10>          |sum<17>        |   13.872|
x<10>          |sum<18>        |   14.485|
x<10>          |sum<19>        |   16.538|
x<10>          |sum<20>        |   16.857|
x<10>          |sum<21>        |   18.358|
x<10>          |sum<22>        |   20.221|
x<10>          |sum<23>        |   20.498|
x<10>          |sum<24>        |   21.050|
x<10>          |sum<25>        |   22.897|
x<10>          |sum<26>        |   23.321|
x<10>          |sum<27>        |   24.253|
x<10>          |sum<28>        |   25.513|
x<10>          |sum<29>        |   25.764|
x<10>          |sum<30>        |   26.850|
x<10>          |sum<31>        |   26.952|
x<10>          |v              |   27.427|
x<11>          |c_out          |   25.846|
x<11>          |sum<11>        |    7.009|
x<11>          |sum<12>        |    7.703|
x<11>          |sum<13>        |    8.479|
x<11>          |sum<14>        |   10.384|
x<11>          |sum<15>        |   10.771|
x<11>          |sum<16>        |   11.881|
x<11>          |sum<17>        |   12.517|
x<11>          |sum<18>        |   13.130|
x<11>          |sum<19>        |   15.183|
x<11>          |sum<20>        |   15.502|
x<11>          |sum<21>        |   17.003|
x<11>          |sum<22>        |   18.866|
x<11>          |sum<23>        |   19.143|
x<11>          |sum<24>        |   19.695|
x<11>          |sum<25>        |   21.542|
x<11>          |sum<26>        |   21.966|
x<11>          |sum<27>        |   22.898|
x<11>          |sum<28>        |   24.158|
x<11>          |sum<29>        |   24.409|
x<11>          |sum<30>        |   25.495|
x<11>          |sum<31>        |   25.597|
x<11>          |v              |   26.072|
x<12>          |c_out          |   25.019|
x<12>          |sum<12>        |    6.363|
x<12>          |sum<13>        |    7.652|
x<12>          |sum<14>        |    9.557|
x<12>          |sum<15>        |    9.944|
x<12>          |sum<16>        |   11.054|
x<12>          |sum<17>        |   11.690|
x<12>          |sum<18>        |   12.303|
x<12>          |sum<19>        |   14.356|
x<12>          |sum<20>        |   14.675|
x<12>          |sum<21>        |   16.176|
x<12>          |sum<22>        |   18.039|
x<12>          |sum<23>        |   18.316|
x<12>          |sum<24>        |   18.868|
x<12>          |sum<25>        |   20.715|
x<12>          |sum<26>        |   21.139|
x<12>          |sum<27>        |   22.071|
x<12>          |sum<28>        |   23.331|
x<12>          |sum<29>        |   23.582|
x<12>          |sum<30>        |   24.668|
x<12>          |sum<31>        |   24.770|
x<12>          |v              |   25.245|
x<13>          |c_out          |   24.397|
x<13>          |sum<13>        |    6.722|
x<13>          |sum<14>        |    8.935|
x<13>          |sum<15>        |    9.322|
x<13>          |sum<16>        |   10.432|
x<13>          |sum<17>        |   11.068|
x<13>          |sum<18>        |   11.681|
x<13>          |sum<19>        |   13.734|
x<13>          |sum<20>        |   14.053|
x<13>          |sum<21>        |   15.554|
x<13>          |sum<22>        |   17.417|
x<13>          |sum<23>        |   17.694|
x<13>          |sum<24>        |   18.246|
x<13>          |sum<25>        |   20.093|
x<13>          |sum<26>        |   20.517|
x<13>          |sum<27>        |   21.449|
x<13>          |sum<28>        |   22.709|
x<13>          |sum<29>        |   22.960|
x<13>          |sum<30>        |   24.046|
x<13>          |sum<31>        |   24.148|
x<13>          |v              |   24.623|
x<14>          |c_out          |   23.147|
x<14>          |sum<14>        |    8.047|
x<14>          |sum<15>        |    8.072|
x<14>          |sum<16>        |    9.182|
x<14>          |sum<17>        |    9.818|
x<14>          |sum<18>        |   10.431|
x<14>          |sum<19>        |   12.484|
x<14>          |sum<20>        |   12.803|
x<14>          |sum<21>        |   14.304|
x<14>          |sum<22>        |   16.167|
x<14>          |sum<23>        |   16.444|
x<14>          |sum<24>        |   16.996|
x<14>          |sum<25>        |   18.843|
x<14>          |sum<26>        |   19.267|
x<14>          |sum<27>        |   20.199|
x<14>          |sum<28>        |   21.459|
x<14>          |sum<29>        |   21.710|
x<14>          |sum<30>        |   22.796|
x<14>          |sum<31>        |   22.898|
x<14>          |v              |   23.373|
x<15>          |c_out          |   22.477|
x<15>          |sum<15>        |    6.833|
x<15>          |sum<16>        |    8.512|
x<15>          |sum<17>        |    9.148|
x<15>          |sum<18>        |    9.761|
x<15>          |sum<19>        |   11.814|
x<15>          |sum<20>        |   12.133|
x<15>          |sum<21>        |   13.634|
x<15>          |sum<22>        |   15.497|
x<15>          |sum<23>        |   15.774|
x<15>          |sum<24>        |   16.326|
x<15>          |sum<25>        |   18.173|
x<15>          |sum<26>        |   18.597|
x<15>          |sum<27>        |   19.529|
x<15>          |sum<28>        |   20.789|
x<15>          |sum<29>        |   21.040|
x<15>          |sum<30>        |   22.126|
x<15>          |sum<31>        |   22.228|
x<15>          |v              |   22.703|
x<16>          |c_out          |   21.302|
x<16>          |sum<16>        |    7.432|
x<16>          |sum<17>        |    7.973|
x<16>          |sum<18>        |    8.586|
x<16>          |sum<19>        |   10.639|
x<16>          |sum<20>        |   10.958|
x<16>          |sum<21>        |   12.459|
x<16>          |sum<22>        |   14.322|
x<16>          |sum<23>        |   14.599|
x<16>          |sum<24>        |   15.151|
x<16>          |sum<25>        |   16.998|
x<16>          |sum<26>        |   17.422|
x<16>          |sum<27>        |   18.354|
x<16>          |sum<28>        |   19.614|
x<16>          |sum<29>        |   19.865|
x<16>          |sum<30>        |   20.951|
x<16>          |sum<31>        |   21.053|
x<16>          |v              |   21.528|
x<17>          |c_out          |   20.700|
x<17>          |sum<17>        |    6.706|
x<17>          |sum<18>        |    7.984|
x<17>          |sum<19>        |   10.037|
x<17>          |sum<20>        |   10.356|
x<17>          |sum<21>        |   11.857|
x<17>          |sum<22>        |   13.720|
x<17>          |sum<23>        |   13.997|
x<17>          |sum<24>        |   14.549|
x<17>          |sum<25>        |   16.396|
x<17>          |sum<26>        |   16.820|
x<17>          |sum<27>        |   17.752|
x<17>          |sum<28>        |   19.012|
x<17>          |sum<29>        |   19.263|
x<17>          |sum<30>        |   20.349|
x<17>          |sum<31>        |   20.451|
x<17>          |v              |   20.926|
x<18>          |c_out          |   19.439|
x<18>          |sum<18>        |    6.697|
x<18>          |sum<19>        |    8.776|
x<18>          |sum<20>        |    9.095|
x<18>          |sum<21>        |   10.596|
x<18>          |sum<22>        |   12.459|
x<18>          |sum<23>        |   12.736|
x<18>          |sum<24>        |   13.288|
x<18>          |sum<25>        |   15.135|
x<18>          |sum<26>        |   15.559|
x<18>          |sum<27>        |   16.491|
x<18>          |sum<28>        |   17.751|
x<18>          |sum<29>        |   18.002|
x<18>          |sum<30>        |   19.088|
x<18>          |sum<31>        |   19.190|
x<18>          |v              |   19.665|
x<19>          |c_out          |   18.489|
x<19>          |sum<19>        |    7.625|
x<19>          |sum<20>        |    8.145|
x<19>          |sum<21>        |    9.646|
x<19>          |sum<22>        |   11.509|
x<19>          |sum<23>        |   11.786|
x<19>          |sum<24>        |   12.338|
x<19>          |sum<25>        |   14.185|
x<19>          |sum<26>        |   14.609|
x<19>          |sum<27>        |   15.541|
x<19>          |sum<28>        |   16.801|
x<19>          |sum<29>        |   17.052|
x<19>          |sum<30>        |   18.138|
x<19>          |sum<31>        |   18.240|
x<19>          |v              |   18.715|
x<20>          |c_out          |   17.767|
x<20>          |sum<20>        |    7.328|
x<20>          |sum<21>        |    8.924|
x<20>          |sum<22>        |   10.787|
x<20>          |sum<23>        |   11.064|
x<20>          |sum<24>        |   11.616|
x<20>          |sum<25>        |   13.463|
x<20>          |sum<26>        |   13.887|
x<20>          |sum<27>        |   14.819|
x<20>          |sum<28>        |   16.079|
x<20>          |sum<29>        |   16.330|
x<20>          |sum<30>        |   17.416|
x<20>          |sum<31>        |   17.518|
x<20>          |v              |   17.993|
x<21>          |c_out          |   17.371|
x<21>          |sum<21>        |    8.457|
x<21>          |sum<22>        |   10.391|
x<21>          |sum<23>        |   10.668|
x<21>          |sum<24>        |   11.220|
x<21>          |sum<25>        |   13.067|
x<21>          |sum<26>        |   13.491|
x<21>          |sum<27>        |   14.423|
x<21>          |sum<28>        |   15.683|
x<21>          |sum<29>        |   15.934|
x<21>          |sum<30>        |   17.020|
x<21>          |sum<31>        |   17.122|
x<21>          |v              |   17.597|
x<22>          |c_out          |   15.723|
x<22>          |sum<22>        |    8.494|
x<22>          |sum<23>        |    9.020|
x<22>          |sum<24>        |    9.572|
x<22>          |sum<25>        |   11.419|
x<22>          |sum<26>        |   11.843|
x<22>          |sum<27>        |   12.775|
x<22>          |sum<28>        |   14.035|
x<22>          |sum<29>        |   14.286|
x<22>          |sum<30>        |   15.372|
x<22>          |sum<31>        |   15.474|
x<22>          |v              |   15.949|
x<23>          |c_out          |   15.246|
x<23>          |sum<23>        |    8.326|
x<23>          |sum<24>        |    9.095|
x<23>          |sum<25>        |   10.942|
x<23>          |sum<26>        |   11.366|
x<23>          |sum<27>        |   12.298|
x<23>          |sum<28>        |   13.558|
x<23>          |sum<29>        |   13.809|
x<23>          |sum<30>        |   14.895|
x<23>          |sum<31>        |   14.997|
x<23>          |v              |   15.472|
x<24>          |c_out          |   13.967|
x<24>          |sum<24>        |    7.854|
x<24>          |sum<25>        |    9.663|
x<24>          |sum<26>        |   10.087|
x<24>          |sum<27>        |   11.019|
x<24>          |sum<28>        |   12.279|
x<24>          |sum<29>        |   12.530|
x<24>          |sum<30>        |   13.616|
x<24>          |sum<31>        |   13.718|
x<24>          |v              |   14.193|
x<25>          |c_out          |   13.614|
x<25>          |sum<25>        |    8.830|
x<25>          |sum<26>        |    9.734|
x<25>          |sum<27>        |   10.666|
x<25>          |sum<28>        |   11.926|
x<25>          |sum<29>        |   12.177|
x<25>          |sum<30>        |   13.263|
x<25>          |sum<31>        |   13.365|
x<25>          |v              |   13.840|
x<26>          |c_out          |   12.400|
x<26>          |sum<26>        |    8.451|
x<26>          |sum<27>        |    9.452|
x<26>          |sum<28>        |   10.712|
x<26>          |sum<29>        |   10.963|
x<26>          |sum<30>        |   12.049|
x<26>          |sum<31>        |   12.151|
x<26>          |v              |   12.626|
x<27>          |c_out          |   11.243|
x<27>          |sum<27>        |    8.130|
x<27>          |sum<28>        |    9.555|
x<27>          |sum<29>        |    9.806|
x<27>          |sum<30>        |   10.892|
x<27>          |sum<31>        |   10.994|
x<27>          |v              |   11.469|
x<28>          |c_out          |   10.219|
x<28>          |sum<28>        |    8.569|
x<28>          |sum<29>        |    8.782|
x<28>          |sum<30>        |    9.868|
x<28>          |sum<31>        |    9.970|
x<28>          |v              |   10.445|
x<29>          |c_out          |    9.685|
x<29>          |sum<29>        |    8.144|
x<29>          |sum<30>        |    9.334|
x<29>          |sum<31>        |    9.436|
x<29>          |v              |    9.911|
x<30>          |c_out          |    8.894|
x<30>          |sum<30>        |    8.543|
x<30>          |sum<31>        |    8.645|
x<30>          |v              |    9.120|
x<31>          |c_out          |    6.854|
x<31>          |sum<31>        |    7.513|
x<31>          |v              |    7.114|
y<0>           |c_out          |   36.994|
y<0>           |sum<0>         |    7.337|
y<0>           |sum<1>         |    8.196|
y<0>           |sum<2>         |    9.000|
y<0>           |sum<3>         |    9.823|
y<0>           |sum<4>         |   10.595|
y<0>           |sum<5>         |   11.503|
y<0>           |sum<6>         |   12.252|
y<0>           |sum<7>         |   12.519|
y<0>           |sum<8>         |   15.356|
y<0>           |sum<9>         |   15.955|
y<0>           |sum<10>        |   16.941|
y<0>           |sum<11>        |   18.315|
y<0>           |sum<12>        |   18.851|
y<0>           |sum<13>        |   19.627|
y<0>           |sum<14>        |   21.532|
y<0>           |sum<15>        |   21.919|
y<0>           |sum<16>        |   23.029|
y<0>           |sum<17>        |   23.665|
y<0>           |sum<18>        |   24.278|
y<0>           |sum<19>        |   26.331|
y<0>           |sum<20>        |   26.650|
y<0>           |sum<21>        |   28.151|
y<0>           |sum<22>        |   30.014|
y<0>           |sum<23>        |   30.291|
y<0>           |sum<24>        |   30.843|
y<0>           |sum<25>        |   32.690|
y<0>           |sum<26>        |   33.114|
y<0>           |sum<27>        |   34.046|
y<0>           |sum<28>        |   35.306|
y<0>           |sum<29>        |   35.557|
y<0>           |sum<30>        |   36.643|
y<0>           |sum<31>        |   36.745|
y<0>           |v              |   37.220|
y<1>           |c_out          |   36.605|
y<1>           |sum<1>         |    7.809|
y<1>           |sum<2>         |    8.611|
y<1>           |sum<3>         |    9.434|
y<1>           |sum<4>         |   10.206|
y<1>           |sum<5>         |   11.114|
y<1>           |sum<6>         |   11.863|
y<1>           |sum<7>         |   12.130|
y<1>           |sum<8>         |   14.967|
y<1>           |sum<9>         |   15.566|
y<1>           |sum<10>        |   16.552|
y<1>           |sum<11>        |   17.926|
y<1>           |sum<12>        |   18.462|
y<1>           |sum<13>        |   19.238|
y<1>           |sum<14>        |   21.143|
y<1>           |sum<15>        |   21.530|
y<1>           |sum<16>        |   22.640|
y<1>           |sum<17>        |   23.276|
y<1>           |sum<18>        |   23.889|
y<1>           |sum<19>        |   25.942|
y<1>           |sum<20>        |   26.261|
y<1>           |sum<21>        |   27.762|
y<1>           |sum<22>        |   29.625|
y<1>           |sum<23>        |   29.902|
y<1>           |sum<24>        |   30.454|
y<1>           |sum<25>        |   32.301|
y<1>           |sum<26>        |   32.725|
y<1>           |sum<27>        |   33.657|
y<1>           |sum<28>        |   34.917|
y<1>           |sum<29>        |   35.168|
y<1>           |sum<30>        |   36.254|
y<1>           |sum<31>        |   36.356|
y<1>           |v              |   36.831|
y<2>           |c_out          |   35.482|
y<2>           |sum<2>         |    7.207|
y<2>           |sum<3>         |    8.311|
y<2>           |sum<4>         |    9.083|
y<2>           |sum<5>         |    9.991|
y<2>           |sum<6>         |   10.740|
y<2>           |sum<7>         |   11.007|
y<2>           |sum<8>         |   13.844|
y<2>           |sum<9>         |   14.443|
y<2>           |sum<10>        |   15.429|
y<2>           |sum<11>        |   16.803|
y<2>           |sum<12>        |   17.339|
y<2>           |sum<13>        |   18.115|
y<2>           |sum<14>        |   20.020|
y<2>           |sum<15>        |   20.407|
y<2>           |sum<16>        |   21.517|
y<2>           |sum<17>        |   22.153|
y<2>           |sum<18>        |   22.766|
y<2>           |sum<19>        |   24.819|
y<2>           |sum<20>        |   25.138|
y<2>           |sum<21>        |   26.639|
y<2>           |sum<22>        |   28.502|
y<2>           |sum<23>        |   28.779|
y<2>           |sum<24>        |   29.331|
y<2>           |sum<25>        |   31.178|
y<2>           |sum<26>        |   31.602|
y<2>           |sum<27>        |   32.534|
y<2>           |sum<28>        |   33.794|
y<2>           |sum<29>        |   34.045|
y<2>           |sum<30>        |   35.131|
y<2>           |sum<31>        |   35.233|
y<2>           |v              |   35.708|
y<3>           |c_out          |   35.066|
y<3>           |sum<3>         |    7.576|
y<3>           |sum<4>         |    8.667|
y<3>           |sum<5>         |    9.575|
y<3>           |sum<6>         |   10.324|
y<3>           |sum<7>         |   10.591|
y<3>           |sum<8>         |   13.428|
y<3>           |sum<9>         |   14.027|
y<3>           |sum<10>        |   15.013|
y<3>           |sum<11>        |   16.387|
y<3>           |sum<12>        |   16.923|
y<3>           |sum<13>        |   17.699|
y<3>           |sum<14>        |   19.604|
y<3>           |sum<15>        |   19.991|
y<3>           |sum<16>        |   21.101|
y<3>           |sum<17>        |   21.737|
y<3>           |sum<18>        |   22.350|
y<3>           |sum<19>        |   24.403|
y<3>           |sum<20>        |   24.722|
y<3>           |sum<21>        |   26.223|
y<3>           |sum<22>        |   28.086|
y<3>           |sum<23>        |   28.363|
y<3>           |sum<24>        |   28.915|
y<3>           |sum<25>        |   30.762|
y<3>           |sum<26>        |   31.186|
y<3>           |sum<27>        |   32.118|
y<3>           |sum<28>        |   33.378|
y<3>           |sum<29>        |   33.629|
y<3>           |sum<30>        |   34.715|
y<3>           |sum<31>        |   34.817|
y<3>           |v              |   35.292|
y<4>           |c_out          |   33.843|
y<4>           |sum<4>         |    7.438|
y<4>           |sum<5>         |    8.352|
y<4>           |sum<6>         |    9.101|
y<4>           |sum<7>         |    9.368|
y<4>           |sum<8>         |   12.205|
y<4>           |sum<9>         |   12.804|
y<4>           |sum<10>        |   13.790|
y<4>           |sum<11>        |   15.164|
y<4>           |sum<12>        |   15.700|
y<4>           |sum<13>        |   16.476|
y<4>           |sum<14>        |   18.381|
y<4>           |sum<15>        |   18.768|
y<4>           |sum<16>        |   19.878|
y<4>           |sum<17>        |   20.514|
y<4>           |sum<18>        |   21.127|
y<4>           |sum<19>        |   23.180|
y<4>           |sum<20>        |   23.499|
y<4>           |sum<21>        |   25.000|
y<4>           |sum<22>        |   26.863|
y<4>           |sum<23>        |   27.140|
y<4>           |sum<24>        |   27.692|
y<4>           |sum<25>        |   29.539|
y<4>           |sum<26>        |   29.963|
y<4>           |sum<27>        |   30.895|
y<4>           |sum<28>        |   32.155|
y<4>           |sum<29>        |   32.406|
y<4>           |sum<30>        |   33.492|
y<4>           |sum<31>        |   33.594|
y<4>           |v              |   34.069|
y<5>           |c_out          |   33.039|
y<5>           |sum<5>         |    7.752|
y<5>           |sum<6>         |    8.297|
y<5>           |sum<7>         |    8.564|
y<5>           |sum<8>         |   11.401|
y<5>           |sum<9>         |   12.000|
y<5>           |sum<10>        |   12.986|
y<5>           |sum<11>        |   14.360|
y<5>           |sum<12>        |   14.896|
y<5>           |sum<13>        |   15.672|
y<5>           |sum<14>        |   17.577|
y<5>           |sum<15>        |   17.964|
y<5>           |sum<16>        |   19.074|
y<5>           |sum<17>        |   19.710|
y<5>           |sum<18>        |   20.323|
y<5>           |sum<19>        |   22.376|
y<5>           |sum<20>        |   22.695|
y<5>           |sum<21>        |   24.196|
y<5>           |sum<22>        |   26.059|
y<5>           |sum<23>        |   26.336|
y<5>           |sum<24>        |   26.888|
y<5>           |sum<25>        |   28.735|
y<5>           |sum<26>        |   29.159|
y<5>           |sum<27>        |   30.091|
y<5>           |sum<28>        |   31.351|
y<5>           |sum<29>        |   31.602|
y<5>           |sum<30>        |   32.688|
y<5>           |sum<31>        |   32.790|
y<5>           |v              |   33.265|
y<6>           |c_out          |   32.315|
y<6>           |sum<6>         |    8.291|
y<6>           |sum<7>         |    7.840|
y<6>           |sum<8>         |   10.677|
y<6>           |sum<9>         |   11.276|
y<6>           |sum<10>        |   12.262|
y<6>           |sum<11>        |   13.636|
y<6>           |sum<12>        |   14.172|
y<6>           |sum<13>        |   14.948|
y<6>           |sum<14>        |   16.853|
y<6>           |sum<15>        |   17.240|
y<6>           |sum<16>        |   18.350|
y<6>           |sum<17>        |   18.986|
y<6>           |sum<18>        |   19.599|
y<6>           |sum<19>        |   21.652|
y<6>           |sum<20>        |   21.971|
y<6>           |sum<21>        |   23.472|
y<6>           |sum<22>        |   25.335|
y<6>           |sum<23>        |   25.612|
y<6>           |sum<24>        |   26.164|
y<6>           |sum<25>        |   28.011|
y<6>           |sum<26>        |   28.435|
y<6>           |sum<27>        |   29.367|
y<6>           |sum<28>        |   30.627|
y<6>           |sum<29>        |   30.878|
y<6>           |sum<30>        |   31.964|
y<6>           |sum<31>        |   32.066|
y<6>           |v              |   32.541|
y<7>           |c_out          |   31.708|
y<7>           |sum<7>         |    7.224|
y<7>           |sum<8>         |   10.070|
y<7>           |sum<9>         |   10.669|
y<7>           |sum<10>        |   11.655|
y<7>           |sum<11>        |   13.029|
y<7>           |sum<12>        |   13.565|
y<7>           |sum<13>        |   14.341|
y<7>           |sum<14>        |   16.246|
y<7>           |sum<15>        |   16.633|
y<7>           |sum<16>        |   17.743|
y<7>           |sum<17>        |   18.379|
y<7>           |sum<18>        |   18.992|
y<7>           |sum<19>        |   21.045|
y<7>           |sum<20>        |   21.364|
y<7>           |sum<21>        |   22.865|
y<7>           |sum<22>        |   24.728|
y<7>           |sum<23>        |   25.005|
y<7>           |sum<24>        |   25.557|
y<7>           |sum<25>        |   27.404|
y<7>           |sum<26>        |   27.828|
y<7>           |sum<27>        |   28.760|
y<7>           |sum<28>        |   30.020|
y<7>           |sum<29>        |   30.271|
y<7>           |sum<30>        |   31.357|
y<7>           |sum<31>        |   31.459|
y<7>           |v              |   31.934|
y<8>           |c_out          |   29.685|
y<8>           |sum<8>         |    8.031|
y<8>           |sum<9>         |    8.646|
y<8>           |sum<10>        |    9.632|
y<8>           |sum<11>        |   11.006|
y<8>           |sum<12>        |   11.542|
y<8>           |sum<13>        |   12.318|
y<8>           |sum<14>        |   14.223|
y<8>           |sum<15>        |   14.610|
y<8>           |sum<16>        |   15.720|
y<8>           |sum<17>        |   16.356|
y<8>           |sum<18>        |   16.969|
y<8>           |sum<19>        |   19.022|
y<8>           |sum<20>        |   19.341|
y<8>           |sum<21>        |   20.842|
y<8>           |sum<22>        |   22.705|
y<8>           |sum<23>        |   22.982|
y<8>           |sum<24>        |   23.534|
y<8>           |sum<25>        |   25.381|
y<8>           |sum<26>        |   25.805|
y<8>           |sum<27>        |   26.737|
y<8>           |sum<28>        |   27.997|
y<8>           |sum<29>        |   28.248|
y<8>           |sum<30>        |   29.334|
y<8>           |sum<31>        |   29.436|
y<8>           |v              |   29.911|
y<9>           |c_out          |   29.031|
y<9>           |sum<9>         |    7.654|
y<9>           |sum<10>        |    8.978|
y<9>           |sum<11>        |   10.352|
y<9>           |sum<12>        |   10.888|
y<9>           |sum<13>        |   11.664|
y<9>           |sum<14>        |   13.569|
y<9>           |sum<15>        |   13.956|
y<9>           |sum<16>        |   15.066|
y<9>           |sum<17>        |   15.702|
y<9>           |sum<18>        |   16.315|
y<9>           |sum<19>        |   18.368|
y<9>           |sum<20>        |   18.687|
y<9>           |sum<21>        |   20.188|
y<9>           |sum<22>        |   22.051|
y<9>           |sum<23>        |   22.328|
y<9>           |sum<24>        |   22.880|
y<9>           |sum<25>        |   24.727|
y<9>           |sum<26>        |   25.151|
y<9>           |sum<27>        |   26.083|
y<9>           |sum<28>        |   27.343|
y<9>           |sum<29>        |   27.594|
y<9>           |sum<30>        |   28.680|
y<9>           |sum<31>        |   28.782|
y<9>           |v              |   29.257|
y<10>          |c_out          |   27.780|
y<10>          |sum<10>        |    7.253|
y<10>          |sum<11>        |    9.101|
y<10>          |sum<12>        |    9.637|
y<10>          |sum<13>        |   10.413|
y<10>          |sum<14>        |   12.318|
y<10>          |sum<15>        |   12.705|
y<10>          |sum<16>        |   13.815|
y<10>          |sum<17>        |   14.451|
y<10>          |sum<18>        |   15.064|
y<10>          |sum<19>        |   17.117|
y<10>          |sum<20>        |   17.436|
y<10>          |sum<21>        |   18.937|
y<10>          |sum<22>        |   20.800|
y<10>          |sum<23>        |   21.077|
y<10>          |sum<24>        |   21.629|
y<10>          |sum<25>        |   23.476|
y<10>          |sum<26>        |   23.900|
y<10>          |sum<27>        |   24.832|
y<10>          |sum<28>        |   26.092|
y<10>          |sum<29>        |   26.343|
y<10>          |sum<30>        |   27.429|
y<10>          |sum<31>        |   27.531|
y<10>          |v              |   28.006|
y<11>          |c_out          |   27.048|
y<11>          |sum<11>        |    7.971|
y<11>          |sum<12>        |    8.905|
y<11>          |sum<13>        |    9.681|
y<11>          |sum<14>        |   11.586|
y<11>          |sum<15>        |   11.973|
y<11>          |sum<16>        |   13.083|
y<11>          |sum<17>        |   13.719|
y<11>          |sum<18>        |   14.332|
y<11>          |sum<19>        |   16.385|
y<11>          |sum<20>        |   16.704|
y<11>          |sum<21>        |   18.205|
y<11>          |sum<22>        |   20.068|
y<11>          |sum<23>        |   20.345|
y<11>          |sum<24>        |   20.897|
y<11>          |sum<25>        |   22.744|
y<11>          |sum<26>        |   23.168|
y<11>          |sum<27>        |   24.100|
y<11>          |sum<28>        |   25.360|
y<11>          |sum<29>        |   25.611|
y<11>          |sum<30>        |   26.697|
y<11>          |sum<31>        |   26.799|
y<11>          |v              |   27.274|
y<12>          |c_out          |   26.285|
y<12>          |sum<12>        |    7.355|
y<12>          |sum<13>        |    8.918|
y<12>          |sum<14>        |   10.823|
y<12>          |sum<15>        |   11.210|
y<12>          |sum<16>        |   12.320|
y<12>          |sum<17>        |   12.956|
y<12>          |sum<18>        |   13.569|
y<12>          |sum<19>        |   15.622|
y<12>          |sum<20>        |   15.941|
y<12>          |sum<21>        |   17.442|
y<12>          |sum<22>        |   19.305|
y<12>          |sum<23>        |   19.582|
y<12>          |sum<24>        |   20.134|
y<12>          |sum<25>        |   21.981|
y<12>          |sum<26>        |   22.405|
y<12>          |sum<27>        |   23.337|
y<12>          |sum<28>        |   24.597|
y<12>          |sum<29>        |   24.848|
y<12>          |sum<30>        |   25.934|
y<12>          |sum<31>        |   26.036|
y<12>          |v              |   26.511|
y<13>          |c_out          |   24.920|
y<13>          |sum<13>        |    7.737|
y<13>          |sum<14>        |    9.458|
y<13>          |sum<15>        |    9.845|
y<13>          |sum<16>        |   10.955|
y<13>          |sum<17>        |   11.591|
y<13>          |sum<18>        |   12.204|
y<13>          |sum<19>        |   14.257|
y<13>          |sum<20>        |   14.576|
y<13>          |sum<21>        |   16.077|
y<13>          |sum<22>        |   17.940|
y<13>          |sum<23>        |   18.217|
y<13>          |sum<24>        |   18.769|
y<13>          |sum<25>        |   20.616|
y<13>          |sum<26>        |   21.040|
y<13>          |sum<27>        |   21.972|
y<13>          |sum<28>        |   23.232|
y<13>          |sum<29>        |   23.483|
y<13>          |sum<30>        |   24.569|
y<13>          |sum<31>        |   24.671|
y<13>          |v              |   25.146|
y<14>          |c_out          |   23.707|
y<14>          |sum<14>        |    8.516|
y<14>          |sum<15>        |    8.632|
y<14>          |sum<16>        |    9.742|
y<14>          |sum<17>        |   10.378|
y<14>          |sum<18>        |   10.991|
y<14>          |sum<19>        |   13.044|
y<14>          |sum<20>        |   13.363|
y<14>          |sum<21>        |   14.864|
y<14>          |sum<22>        |   16.727|
y<14>          |sum<23>        |   17.004|
y<14>          |sum<24>        |   17.556|
y<14>          |sum<25>        |   19.403|
y<14>          |sum<26>        |   19.827|
y<14>          |sum<27>        |   20.759|
y<14>          |sum<28>        |   22.019|
y<14>          |sum<29>        |   22.270|
y<14>          |sum<30>        |   23.356|
y<14>          |sum<31>        |   23.458|
y<14>          |v              |   23.933|
y<15>          |c_out          |   23.472|
y<15>          |sum<15>        |    7.753|
y<15>          |sum<16>        |    9.507|
y<15>          |sum<17>        |   10.143|
y<15>          |sum<18>        |   10.756|
y<15>          |sum<19>        |   12.809|
y<15>          |sum<20>        |   13.128|
y<15>          |sum<21>        |   14.629|
y<15>          |sum<22>        |   16.492|
y<15>          |sum<23>        |   16.769|
y<15>          |sum<24>        |   17.321|
y<15>          |sum<25>        |   19.168|
y<15>          |sum<26>        |   19.592|
y<15>          |sum<27>        |   20.524|
y<15>          |sum<28>        |   21.784|
y<15>          |sum<29>        |   22.035|
y<15>          |sum<30>        |   23.121|
y<15>          |sum<31>        |   23.223|
y<15>          |v              |   23.698|
y<16>          |c_out          |   22.026|
y<16>          |sum<16>        |    8.172|
y<16>          |sum<17>        |    8.697|
y<16>          |sum<18>        |    9.310|
y<16>          |sum<19>        |   11.363|
y<16>          |sum<20>        |   11.682|
y<16>          |sum<21>        |   13.183|
y<16>          |sum<22>        |   15.046|
y<16>          |sum<23>        |   15.323|
y<16>          |sum<24>        |   15.875|
y<16>          |sum<25>        |   17.722|
y<16>          |sum<26>        |   18.146|
y<16>          |sum<27>        |   19.078|
y<16>          |sum<28>        |   20.338|
y<16>          |sum<29>        |   20.589|
y<16>          |sum<30>        |   21.675|
y<16>          |sum<31>        |   21.777|
y<16>          |v              |   22.252|
y<17>          |c_out          |   21.391|
y<17>          |sum<17>        |    8.249|
y<17>          |sum<18>        |    8.675|
y<17>          |sum<19>        |   10.728|
y<17>          |sum<20>        |   11.047|
y<17>          |sum<21>        |   12.548|
y<17>          |sum<22>        |   14.411|
y<17>          |sum<23>        |   14.688|
y<17>          |sum<24>        |   15.240|
y<17>          |sum<25>        |   17.087|
y<17>          |sum<26>        |   17.511|
y<17>          |sum<27>        |   18.443|
y<17>          |sum<28>        |   19.703|
y<17>          |sum<29>        |   19.954|
y<17>          |sum<30>        |   21.040|
y<17>          |sum<31>        |   21.142|
y<17>          |v              |   21.617|
y<18>          |c_out          |   20.196|
y<18>          |sum<18>        |    7.651|
y<18>          |sum<19>        |    9.533|
y<18>          |sum<20>        |    9.852|
y<18>          |sum<21>        |   11.353|
y<18>          |sum<22>        |   13.216|
y<18>          |sum<23>        |   13.493|
y<18>          |sum<24>        |   14.045|
y<18>          |sum<25>        |   15.892|
y<18>          |sum<26>        |   16.316|
y<18>          |sum<27>        |   17.248|
y<18>          |sum<28>        |   18.508|
y<18>          |sum<29>        |   18.759|
y<18>          |sum<30>        |   19.845|
y<18>          |sum<31>        |   19.947|
y<18>          |v              |   20.422|
y<19>          |c_out          |   19.279|
y<19>          |sum<19>        |    8.022|
y<19>          |sum<20>        |    8.935|
y<19>          |sum<21>        |   10.436|
y<19>          |sum<22>        |   12.299|
y<19>          |sum<23>        |   12.576|
y<19>          |sum<24>        |   13.128|
y<19>          |sum<25>        |   14.975|
y<19>          |sum<26>        |   15.399|
y<19>          |sum<27>        |   16.331|
y<19>          |sum<28>        |   17.591|
y<19>          |sum<29>        |   17.842|
y<19>          |sum<30>        |   18.928|
y<19>          |sum<31>        |   19.030|
y<19>          |v              |   19.505|
y<20>          |c_out          |   18.392|
y<20>          |sum<20>        |    7.937|
y<20>          |sum<21>        |    9.549|
y<20>          |sum<22>        |   11.412|
y<20>          |sum<23>        |   11.689|
y<20>          |sum<24>        |   12.241|
y<20>          |sum<25>        |   14.088|
y<20>          |sum<26>        |   14.512|
y<20>          |sum<27>        |   15.444|
y<20>          |sum<28>        |   16.704|
y<20>          |sum<29>        |   16.955|
y<20>          |sum<30>        |   18.041|
y<20>          |sum<31>        |   18.143|
y<20>          |v              |   18.618|
y<21>          |c_out          |   17.249|
y<21>          |sum<21>        |    8.371|
y<21>          |sum<22>        |   10.269|
y<21>          |sum<23>        |   10.546|
y<21>          |sum<24>        |   11.098|
y<21>          |sum<25>        |   12.945|
y<21>          |sum<26>        |   13.369|
y<21>          |sum<27>        |   14.301|
y<21>          |sum<28>        |   15.561|
y<21>          |sum<29>        |   15.812|
y<21>          |sum<30>        |   16.898|
y<21>          |sum<31>        |   17.000|
y<21>          |v              |   17.475|
y<22>          |c_out          |   16.203|
y<22>          |sum<22>        |    8.974|
y<22>          |sum<23>        |    9.500|
y<22>          |sum<24>        |   10.052|
y<22>          |sum<25>        |   11.899|
y<22>          |sum<26>        |   12.323|
y<22>          |sum<27>        |   13.255|
y<22>          |sum<28>        |   14.515|
y<22>          |sum<29>        |   14.766|
y<22>          |sum<30>        |   15.852|
y<22>          |sum<31>        |   15.954|
y<22>          |v              |   16.429|
y<23>          |c_out          |   15.686|
y<23>          |sum<23>        |    8.675|
y<23>          |sum<24>        |    9.535|
y<23>          |sum<25>        |   11.382|
y<23>          |sum<26>        |   11.806|
y<23>          |sum<27>        |   12.738|
y<23>          |sum<28>        |   13.998|
y<23>          |sum<29>        |   14.249|
y<23>          |sum<30>        |   15.335|
y<23>          |sum<31>        |   15.437|
y<23>          |v              |   15.912|
y<24>          |c_out          |   13.990|
y<24>          |sum<24>        |    8.020|
y<24>          |sum<25>        |    9.686|
y<24>          |sum<26>        |   10.110|
y<24>          |sum<27>        |   11.042|
y<24>          |sum<28>        |   12.302|
y<24>          |sum<29>        |   12.553|
y<24>          |sum<30>        |   13.639|
y<24>          |sum<31>        |   13.741|
y<24>          |v              |   14.216|
y<25>          |c_out          |   13.497|
y<25>          |sum<25>        |    9.139|
y<25>          |sum<26>        |    9.617|
y<25>          |sum<27>        |   10.549|
y<25>          |sum<28>        |   11.809|
y<25>          |sum<29>        |   12.060|
y<25>          |sum<30>        |   13.146|
y<25>          |sum<31>        |   13.248|
y<25>          |v              |   13.723|
y<26>          |c_out          |   12.371|
y<26>          |sum<26>        |    8.352|
y<26>          |sum<27>        |    9.423|
y<26>          |sum<28>        |   10.683|
y<26>          |sum<29>        |   10.934|
y<26>          |sum<30>        |   12.020|
y<26>          |sum<31>        |   12.122|
y<26>          |v              |   12.597|
y<27>          |c_out          |   12.485|
y<27>          |sum<27>        |    9.305|
y<27>          |sum<28>        |   10.797|
y<27>          |sum<29>        |   11.048|
y<27>          |sum<30>        |   12.134|
y<27>          |sum<31>        |   12.236|
y<27>          |v              |   12.711|
y<28>          |c_out          |   11.295|
y<28>          |sum<28>        |    9.740|
y<28>          |sum<29>        |    9.858|
y<28>          |sum<30>        |   10.944|
y<28>          |sum<31>        |   11.046|
y<28>          |v              |   11.521|
y<29>          |c_out          |   10.564|
y<29>          |sum<29>        |    8.895|
y<29>          |sum<30>        |   10.213|
y<29>          |sum<31>        |   10.315|
y<29>          |v              |   10.790|
y<30>          |c_out          |    8.825|
y<30>          |sum<30>        |    8.474|
y<30>          |sum<31>        |    8.576|
y<30>          |v              |    9.051|
y<31>          |c_out          |    6.420|
y<31>          |sum<31>        |    7.470|
y<31>          |v              |    6.702|
---------------+---------------+---------+


Analysis completed Wed Jan 29 14:17:45 2020 
--------------------------------------------------------------------------------

Trace Settings:
-------------------------
Trace Settings 

Peak Memory Usage: 347 MB



