Release 13.4 - xst O.87xd (lin64)
Copyright (c) 1995-2011 Xilinx, Inc.  All rights reserved.
--> 
Parameter TMPDIR set to xst/projnav.tmp


Total REAL time to Xst completion: 0.00 secs
Total CPU time to Xst completion: 0.04 secs
 
--> 
Parameter xsthdpdir set to xst


Total REAL time to Xst completion: 0.00 secs
Total CPU time to Xst completion: 0.04 secs
 
--> 
Reading design: adder31bit.prj

TABLE OF CONTENTS
  1) Synthesis Options Summary
  2) HDL Compilation
  3) Design Hierarchy Analysis
  4) HDL Analysis
  5) HDL Synthesis
     5.1) HDL Synthesis Report
  6) Advanced HDL Synthesis
     6.1) Advanced HDL Synthesis Report
  7) Low Level Synthesis
  8) Partition Report
  9) Final Report
	9.1) Device utilization summary
	9.2) Partition Resource Summary
	9.3) TIMING REPORT


=========================================================================
*                      Synthesis Options Summary                        *
=========================================================================
---- Source Parameters
Input File Name                    : "adder31bit.prj"
Input Format                       : mixed
Ignore Synthesis Constraint File   : NO

---- Target Parameters
Output File Name                   : "adder31bit"
Output Format                      : NGC
Target Device                      : xc3s500e-5-fg320

---- Source Options
Top Module Name                    : adder31bit
Automatic FSM Extraction           : YES
FSM Encoding Algorithm             : Auto
Safe Implementation                : No
FSM Style                          : LUT
RAM Extraction                     : Yes
RAM Style                          : Auto
ROM Extraction                     : Yes
Mux Style                          : Auto
Decoder Extraction                 : YES
Priority Encoder Extraction        : Yes
Shift Register Extraction          : YES
Logical Shifter Extraction         : YES
XOR Collapsing                     : YES
ROM Style                          : Auto
Mux Extraction                     : Yes
Resource Sharing                   : YES
Asynchronous To Synchronous        : NO
Multiplier Style                   : Auto
Automatic Register Balancing       : No

---- Target Options
Add IO Buffers                     : YES
Global Maximum Fanout              : 100000
Add Generic Clock Buffer(BUFG)     : 24
Register Duplication               : YES
Slice Packing                      : YES
Optimize Instantiated Primitives   : NO
Use Clock Enable                   : Yes
Use Synchronous Set                : Yes
Use Synchronous Reset              : Yes
Pack IO Registers into IOBs        : Auto
Equivalent register Removal        : YES

---- General Options
Optimization Goal                  : Speed
Optimization Effort                : 1
Keep Hierarchy                     : No
Netlist Hierarchy                  : As_Optimized
RTL Output                         : Yes
Global Optimization                : AllClockNets
Read Cores                         : YES
Write Timing Constraints           : NO
Cross Clock Analysis               : NO
Hierarchy Separator                : /
Bus Delimiter                      : <>
Case Specifier                     : Maintain
Slice Utilization Ratio            : 100
BRAM Utilization Ratio             : 100
Verilog 2001                       : YES
Auto BRAM Packing                  : NO
Slice Utilization Ratio Delta      : 5

=========================================================================


=========================================================================
*                          HDL Compilation                              *
=========================================================================
Compiling verilog file "adder31bit.v" in library work
Module <adder31bit> compiled
Module <fulladder> compiled
No errors in compilation
Analysis of file <"adder31bit.prj"> succeeded.
 

=========================================================================
*                     Design Hierarchy Analysis                         *
=========================================================================
Analyzing hierarchy for module <adder31bit> in library <work>.

Analyzing hierarchy for module <fulladder> in library <work>.


=========================================================================
*                            HDL Analysis                               *
=========================================================================
Analyzing top module <adder31bit>.
Module <adder31bit> is correct for synthesis.
 
Analyzing module <fulladder> in library <work>.
Module <fulladder> is correct for synthesis.
 

=========================================================================
*                           HDL Synthesis                               *
=========================================================================

Performing bidirectional port resolution...

Synthesizing Unit <fulladder>.
    Related source file is "adder31bit.v".
    Found 1-bit xor2 for signal <sum>.
    Found 1-bit xor2 for signal <c_out$xor0000> created at line 78.
Unit <fulladder> synthesized.


Synthesizing Unit <adder31bit>.
    Related source file is "adder31bit.v".
WARNING:Xst:1780 - Signal <temp_c<31:30>> is never used or assigned. This unconnected signal will be trimmed during the optimization process.
    Found 1-bit xor2 for signal <v>.
Unit <adder31bit> synthesized.


=========================================================================
HDL Synthesis Report

Macro Statistics
# Xors                                                 : 65
 1-bit xor2                                            : 65

=========================================================================

=========================================================================
*                       Advanced HDL Synthesis                          *
=========================================================================


=========================================================================
Advanced HDL Synthesis Report

Macro Statistics
# Xors                                                 : 65
 1-bit xor2                                            : 65

=========================================================================

=========================================================================
*                         Low Level Synthesis                           *
=========================================================================

Optimizing unit <adder31bit> ...

Mapping all equations...
Building and optimizing final netlist ...
Found area constraint ratio of 100 (+ 5) on block adder31bit, actual ratio is 0.

Final Macro Processing ...

=========================================================================
Final Register Report

Found no macro
=========================================================================

=========================================================================
*                           Partition Report                            *
=========================================================================

Partition Implementation Status
-------------------------------

  No Partitions were found in this design.

-------------------------------

=========================================================================
*                            Final Report                               *
=========================================================================
Final Results
RTL Top Level Output File Name     : adder31bit.ngr
Top Level Output File Name         : adder31bit
Output Format                      : NGC
Optimization Goal                  : Speed
Keep Hierarchy                     : No

Design Statistics
# IOs                              : 99

Cell Usage :
# BELS                             : 65
#      LUT3                        : 65
# IO Buffers                       : 99
#      IBUF                        : 65
#      OBUF                        : 34
=========================================================================

Device utilization summary:
---------------------------

Selected Device : 3s500efg320-5 

 Number of Slices:                       37  out of   4656     0%  
 Number of 4 input LUTs:                 65  out of   9312     0%  
 Number of IOs:                          99
 Number of bonded IOBs:                  99  out of    232    42%  

---------------------------
Partition Resource Summary:
---------------------------

  No Partitions were found in this design.

---------------------------


=========================================================================
TIMING REPORT

NOTE: THESE TIMING NUMBERS ARE ONLY A SYNTHESIS ESTIMATE.
      FOR ACCURATE TIMING INFORMATION PLEASE REFER TO THE TRACE REPORT
      GENERATED AFTER PLACE-and-ROUTE.

Clock Information:
------------------
No clock signals found in this design

Asynchronous Control Signals Information:
----------------------------------------
No asynchronous control signals found in this design

Timing Summary:
---------------
Speed Grade: -5

   Minimum period: No path found
   Minimum input arrival time before clock: No path found
   Maximum output required time after clock: No path found
   Maximum combinational path delay: 37.650ns

Timing Detail:
--------------
All values displayed in nanoseconds (ns)

=========================================================================
Timing constraint: Default path analysis
  Total number of paths / destination ports: 1218 / 34
-------------------------------------------------------------------------
Delay:               37.650ns (Levels of Logic = 34)
  Source:            x<0> (PAD)
  Destination:       sum<31> (PAD)

  Data Path: x<0> to sum<31>
                                Gate     Net
    Cell:in->out      fanout   Delay   Delay  Logical Name (Net Name)
    ----------------------------------------  ------------
     IBUF:I->O             2   1.106   0.532  x_0_IBUF (x_0_IBUF)
     LUT3:I0->O            2   0.612   0.410  A1/c_out1 (temp_c<0>)
     LUT3:I2->O            2   0.612   0.410  A2/c_out1 (temp_c<1>)
     LUT3:I2->O            2   0.612   0.410  A3/c_out1 (temp_c<2>)
     LUT3:I2->O            2   0.612   0.410  A4/c_out1 (temp_c<3>)
     LUT3:I2->O            2   0.612   0.410  A5/c_out1 (temp_c<4>)
     LUT3:I2->O            2   0.612   0.410  A6/c_out1 (temp_c<5>)
     LUT3:I2->O            2   0.612   0.410  A7/c_out1 (temp_c<6>)
     LUT3:I2->O            2   0.612   0.410  A8/c_out1 (temp_c<7>)
     LUT3:I2->O            2   0.612   0.410  A9/c_out1 (temp_c<8>)
     LUT3:I2->O            2   0.612   0.410  A10/c_out1 (temp_c<9>)
     LUT3:I2->O            2   0.612   0.410  A11/c_out1 (temp_c<10>)
     LUT3:I2->O            2   0.612   0.410  A12/c_out1 (temp_c<11>)
     LUT3:I2->O            2   0.612   0.410  A13/c_out1 (temp_c<12>)
     LUT3:I2->O            2   0.612   0.410  A14/c_out1 (temp_c<13>)
     LUT3:I2->O            2   0.612   0.410  A15/c_out1 (temp_c<14>)
     LUT3:I2->O            2   0.612   0.410  A16/c_out1 (temp_c<15>)
     LUT3:I2->O            2   0.612   0.410  A17/c_out1 (temp_c<16>)
     LUT3:I2->O            2   0.612   0.410  A18/c_out1 (temp_c<17>)
     LUT3:I2->O            2   0.612   0.410  A19/c_out1 (temp_c<18>)
     LUT3:I2->O            2   0.612   0.410  A20/c_out1 (temp_c<19>)
     LUT3:I2->O            2   0.612   0.410  A21/c_out1 (temp_c<20>)
     LUT3:I2->O            2   0.612   0.410  A22/c_out1 (temp_c<21>)
     LUT3:I2->O            2   0.612   0.410  A23/c_out1 (temp_c<22>)
     LUT3:I2->O            2   0.612   0.410  A24/c_out1 (temp_c<23>)
     LUT3:I2->O            2   0.612   0.410  A25/c_out1 (temp_c<24>)
     LUT3:I2->O            2   0.612   0.410  A26/c_out1 (temp_c<25>)
     LUT3:I2->O            2   0.612   0.410  A27/c_out1 (temp_c<26>)
     LUT3:I2->O            2   0.612   0.410  A28/c_out1 (temp_c<27>)
     LUT3:I2->O            2   0.612   0.410  A29/c_out1 (temp_c<28>)
     LUT3:I2->O            2   0.612   0.410  A30/c_out1 (temp_c<29>)
     LUT3:I2->O            3   0.612   0.603  A31/c_out1 (c_out2)
     LUT3:I0->O            1   0.612   0.357  A32/Mxor_sum_Result1 (sum_31_OBUF)
     OBUF:I->O                 3.169          sum_31_OBUF (sum<31>)
    ----------------------------------------
    Total                     37.650ns (23.859ns logic, 13.791ns route)
                                       (63.4% logic, 36.6% route)

=========================================================================


Total REAL time to Xst completion: 4.00 secs
Total CPU time to Xst completion: 3.55 secs
 
--> 


Total memory usage is 521264 kilobytes

Number of errors   :    0 (   0 filtered)
Number of warnings :    1 (   0 filtered)
Number of infos    :    0 (   0 filtered)

