--------------------------------------------------------------------------------
Release 13.4 Trace  (lin64)
Copyright (c) 1995-2011 Xilinx, Inc.  All rights reserved.

/opt/Xilinx/13.4/ISE_DS/ISE/bin/lin64/unwrapped/trce -intstyle ise -v 3 -s 5 -n
3 -fastpaths -xml alu.twx alu.ncd -o alu.twr alu.pcf

Design file:              alu.ncd
Physical constraint file: alu.pcf
Device,package,speed:     xc3s500e,fg320,-5 (PRODUCTION 1.27 2012-01-07)
Report level:             verbose report

Environment Variable      Effect 
--------------------      ------ 
NONE                      No environment variables were set
--------------------------------------------------------------------------------

INFO:Timing:2698 - No timing constraints found, doing default enumeration.
INFO:Timing:3412 - To improve timing, see the Timing Closure User Guide (UG612).
INFO:Timing:2752 - To get complete path coverage, use the unconstrained paths 
   option. All paths that are not constrained will be reported in the 
   unconstrained paths section(s) of the report.
INFO:Timing:3339 - The clock-to-out numbers in this timing report are based on 
   a 50 Ohm transmission line loading model.  For the details of this model, 
   and for more information on accounting for different loading conditions, 
   please see the device datasheet.
INFO:Timing:3390 - This architecture does not support a default System Jitter 
   value, please add SYSTEM_JITTER constraint to the UCF to modify the Clock 
   Uncertainty calculation.
INFO:Timing:3389 - This architecture does not support 'Discrete Jitter' and 
   'Phase Error' calculations, these terms will be zero in the Clock 
   Uncertainty calculation.  Please make appropriate modification to 
   SYSTEM_JITTER to account for the unsupported Discrete Jitter and Phase 
   Error.



Data Sheet report:
-----------------
All values displayed in nanoseconds (ns)

Pad to Pad
---------------+---------------+---------+
Source Pad     |Destination Pad|  Delay  |
---------------+---------------+---------+
opselect<0>    |c_out          |    7.497|
opselect<0>    |res<0>         |    9.552|
opselect<0>    |res<1>         |   12.614|
opselect<0>    |res<2>         |   12.095|
opselect<0>    |res<3>         |   12.540|
opselect<0>    |res<4>         |   13.197|
opselect<0>    |res<5>         |   12.091|
opselect<0>    |res<6>         |   12.486|
opselect<0>    |res<7>         |   10.451|
opselect<0>    |res<8>         |   11.394|
opselect<0>    |res<9>         |   10.408|
opselect<0>    |res<10>        |   12.154|
opselect<0>    |res<11>        |   11.462|
opselect<0>    |res<12>        |   11.005|
opselect<0>    |res<13>        |   13.810|
opselect<0>    |res<14>        |   12.101|
opselect<0>    |res<15>        |   13.518|
opselect<0>    |res<16>        |   11.173|
opselect<0>    |res<17>        |   12.298|
opselect<0>    |res<18>        |   12.572|
opselect<0>    |res<19>        |   12.211|
opselect<0>    |res<20>        |   13.178|
opselect<0>    |res<21>        |   12.141|
opselect<0>    |res<22>        |   12.691|
opselect<0>    |res<23>        |   14.249|
opselect<0>    |res<24>        |   14.443|
opselect<0>    |res<25>        |   13.349|
opselect<0>    |res<26>        |   14.928|
opselect<0>    |res<27>        |   13.261|
opselect<0>    |res<28>        |   12.583|
opselect<0>    |res<29>        |   14.326|
opselect<0>    |res<30>        |   12.914|
opselect<0>    |res<31>        |   11.296|
opselect<0>    |v              |    7.306|
opselect<0>    |zero           |   16.828|
opselect<1>    |c_out          |    7.812|
opselect<1>    |res<0>         |    9.080|
opselect<1>    |res<1>         |   10.535|
opselect<1>    |res<2>         |   10.481|
opselect<1>    |res<3>         |   10.656|
opselect<1>    |res<4>         |   11.694|
opselect<1>    |res<5>         |   10.378|
opselect<1>    |res<6>         |   10.941|
opselect<1>    |res<7>         |    9.943|
opselect<1>    |res<8>         |    9.296|
opselect<1>    |res<9>         |    9.901|
opselect<1>    |res<10>        |   11.051|
opselect<1>    |res<11>        |   10.708|
opselect<1>    |res<12>        |    9.469|
opselect<1>    |res<13>        |   12.118|
opselect<1>    |res<14>        |   11.505|
opselect<1>    |res<15>        |   11.608|
opselect<1>    |res<16>        |   10.535|
opselect<1>    |res<17>        |   10.797|
opselect<1>    |res<18>        |   10.849|
opselect<1>    |res<19>        |   10.702|
opselect<1>    |res<20>        |   12.040|
opselect<1>    |res<21>        |   10.287|
opselect<1>    |res<22>        |   10.812|
opselect<1>    |res<23>        |   12.107|
opselect<1>    |res<24>        |   12.989|
opselect<1>    |res<25>        |   11.071|
opselect<1>    |res<26>        |   13.294|
opselect<1>    |res<27>        |   11.309|
opselect<1>    |res<28>        |   11.002|
opselect<1>    |res<29>        |   12.627|
opselect<1>    |res<30>        |   11.719|
opselect<1>    |res<31>        |    9.437|
opselect<1>    |v              |    8.114|
opselect<1>    |zero           |   14.550|
opselect<2>    |c_out          |    7.888|
opselect<2>    |res<0>         |    8.987|
opselect<2>    |res<1>         |   10.057|
opselect<2>    |res<2>         |   10.593|
opselect<2>    |res<3>         |   11.279|
opselect<2>    |res<4>         |   11.427|
opselect<2>    |res<5>         |   10.071|
opselect<2>    |res<6>         |   10.951|
opselect<2>    |res<7>         |   10.436|
opselect<2>    |res<8>         |    7.537|
opselect<2>    |res<9>         |    7.707|
opselect<2>    |res<10>        |    8.624|
opselect<2>    |res<11>        |    8.429|
opselect<2>    |res<12>        |    7.481|
opselect<2>    |res<13>        |   12.112|
opselect<2>    |res<14>        |    9.829|
opselect<2>    |res<15>        |    9.198|
opselect<2>    |res<16>        |    8.644|
opselect<2>    |res<17>        |   10.726|
opselect<2>    |res<18>        |   11.305|
opselect<2>    |res<19>        |   10.618|
opselect<2>    |res<20>        |   11.954|
opselect<2>    |res<21>        |   10.597|
opselect<2>    |res<22>        |    9.930|
opselect<2>    |res<23>        |   11.638|
opselect<2>    |res<24>        |   11.331|
opselect<2>    |res<25>        |    9.487|
opselect<2>    |res<26>        |   11.314|
opselect<2>    |res<27>        |    9.929|
opselect<2>    |res<28>        |    9.146|
opselect<2>    |res<29>        |   10.745|
opselect<2>    |res<30>        |   10.297|
opselect<2>    |res<31>        |    9.119|
opselect<2>    |v              |    8.190|
opselect<2>    |zero           |   13.494|
opselect<3>    |c_out          |    7.625|
opselect<3>    |res<0>         |    8.778|
opselect<3>    |res<1>         |   10.163|
opselect<3>    |res<2>         |    9.430|
opselect<3>    |res<3>         |    9.483|
opselect<3>    |res<4>         |    9.385|
opselect<3>    |res<5>         |    9.935|
opselect<3>    |res<6>         |    8.725|
opselect<3>    |res<7>         |    7.864|
opselect<3>    |res<8>         |    6.560|
opselect<3>    |res<9>         |    6.590|
opselect<3>    |res<10>        |    7.852|
opselect<3>    |res<11>        |    7.598|
opselect<3>    |res<12>        |    6.540|
opselect<3>    |res<13>        |    8.869|
opselect<3>    |res<14>        |    8.598|
opselect<3>    |res<15>        |    8.369|
opselect<3>    |res<16>        |    7.794|
opselect<3>    |res<17>        |    7.718|
opselect<3>    |res<18>        |    8.412|
opselect<3>    |res<19>        |    8.121|
opselect<3>    |res<20>        |    8.908|
opselect<3>    |res<21>        |    8.854|
opselect<3>    |res<22>        |    7.284|
opselect<3>    |res<23>        |    9.169|
opselect<3>    |res<24>        |    9.253|
opselect<3>    |res<25>        |    7.573|
opselect<3>    |res<26>        |    9.774|
opselect<3>    |res<27>        |    8.364|
opselect<3>    |res<28>        |    7.860|
opselect<3>    |res<29>        |    8.994|
opselect<3>    |res<30>        |    7.741|
opselect<3>    |res<31>        |    7.192|
opselect<3>    |v              |    7.927|
opselect<3>    |zero           |   13.352|
x<0>           |c_out          |   37.542|
x<0>           |res<0>         |   18.641|
x<0>           |res<1>         |   19.171|
x<0>           |res<2>         |   18.882|
x<0>           |res<3>         |   19.045|
x<0>           |res<4>         |   20.173|
x<0>           |res<5>         |   18.796|
x<0>           |res<6>         |   20.175|
x<0>           |res<7>         |   18.287|
x<0>           |res<8>         |   18.125|
x<0>           |res<9>         |   19.745|
x<0>           |res<10>        |   21.506|
x<0>           |res<11>        |   22.397|
x<0>           |res<12>        |   22.667|
x<0>           |res<13>        |   26.459|
x<0>           |res<14>        |   27.475|
x<0>           |res<15>        |   28.122|
x<0>           |res<16>        |   28.318|
x<0>           |res<17>        |   29.896|
x<0>           |res<18>        |   31.202|
x<0>           |res<19>        |   31.181|
x<0>           |res<20>        |   33.741|
x<0>           |res<21>        |   33.211|
x<0>           |res<22>        |   34.204|
x<0>           |res<23>        |   36.646|
x<0>           |res<24>        |   38.411|
x<0>           |res<25>        |   37.445|
x<0>           |res<26>        |   40.165|
x<0>           |res<27>        |   39.343|
x<0>           |res<28>        |   39.396|
x<0>           |res<29>        |   41.520|
x<0>           |res<30>        |   42.008|
x<0>           |res<31>        |   40.362|
x<0>           |v              |   37.934|
x<0>           |zero           |   44.451|
x<1>           |c_out          |   36.520|
x<1>           |res<0>         |   14.781|
x<1>           |res<1>         |   15.343|
x<1>           |res<2>         |   15.054|
x<1>           |res<3>         |   15.217|
x<1>           |res<4>         |   16.345|
x<1>           |res<5>         |   14.968|
x<1>           |res<6>         |   16.356|
x<1>           |res<7>         |   16.064|
x<1>           |res<8>         |   16.730|
x<1>           |res<9>         |   18.723|
x<1>           |res<10>        |   20.436|
x<1>           |res<11>        |   21.375|
x<1>           |res<12>        |   21.645|
x<1>           |res<13>        |   25.437|
x<1>           |res<14>        |   26.453|
x<1>           |res<15>        |   27.100|
x<1>           |res<16>        |   27.296|
x<1>           |res<17>        |   28.874|
x<1>           |res<18>        |   30.180|
x<1>           |res<19>        |   30.111|
x<1>           |res<20>        |   32.719|
x<1>           |res<21>        |   32.189|
x<1>           |res<22>        |   33.182|
x<1>           |res<23>        |   35.624|
x<1>           |res<24>        |   37.389|
x<1>           |res<25>        |   36.423|
x<1>           |res<26>        |   39.143|
x<1>           |res<27>        |   38.321|
x<1>           |res<28>        |   38.374|
x<1>           |res<29>        |   40.498|
x<1>           |res<30>        |   40.986|
x<1>           |res<31>        |   39.340|
x<1>           |v              |   36.912|
x<1>           |zero           |   43.429|
x<2>           |c_out          |   36.051|
x<2>           |res<0>         |   14.935|
x<2>           |res<1>         |    7.878|
x<2>           |res<2>         |   15.085|
x<2>           |res<3>         |   15.248|
x<2>           |res<4>         |   16.376|
x<2>           |res<5>         |   14.999|
x<2>           |res<6>         |   16.378|
x<2>           |res<7>         |   15.595|
x<2>           |res<8>         |   16.044|
x<2>           |res<9>         |   18.254|
x<2>           |res<10>        |   19.954|
x<2>           |res<11>        |   20.906|
x<2>           |res<12>        |   21.176|
x<2>           |res<13>        |   24.968|
x<2>           |res<14>        |   25.984|
x<2>           |res<15>        |   26.631|
x<2>           |res<16>        |   26.827|
x<2>           |res<17>        |   28.405|
x<2>           |res<18>        |   29.711|
x<2>           |res<19>        |   29.628|
x<2>           |res<20>        |   32.250|
x<2>           |res<21>        |   31.720|
x<2>           |res<22>        |   32.713|
x<2>           |res<23>        |   35.155|
x<2>           |res<24>        |   36.920|
x<2>           |res<25>        |   35.954|
x<2>           |res<26>        |   38.674|
x<2>           |res<27>        |   37.852|
x<2>           |res<28>        |   37.905|
x<2>           |res<29>        |   40.029|
x<2>           |res<30>        |   40.517|
x<2>           |res<31>        |   38.871|
x<2>           |v              |   36.443|
x<2>           |zero           |   42.960|
x<3>           |c_out          |   34.548|
x<3>           |res<0>         |   15.013|
x<3>           |res<2>         |    8.379|
x<3>           |res<3>         |   14.932|
x<3>           |res<4>         |   16.060|
x<3>           |res<5>         |   14.683|
x<3>           |res<6>         |   16.062|
x<3>           |res<7>         |   14.174|
x<3>           |res<8>         |   14.972|
x<3>           |res<9>         |   16.177|
x<3>           |res<10>        |   18.678|
x<3>           |res<11>        |   19.458|
x<3>           |res<12>        |   19.397|
x<3>           |res<13>        |   23.014|
x<3>           |res<14>        |   24.012|
x<3>           |res<15>        |   24.726|
x<3>           |res<16>        |   24.916|
x<3>           |res<17>        |   26.781|
x<3>           |res<18>        |   28.163|
x<3>           |res<19>        |   28.353|
x<3>           |res<20>        |   30.678|
x<3>           |res<21>        |   30.087|
x<3>           |res<22>        |   30.923|
x<3>           |res<23>        |   33.128|
x<3>           |res<24>        |   34.828|
x<3>           |res<25>        |   34.122|
x<3>           |res<26>        |   36.844|
x<3>           |res<27>        |   35.760|
x<3>           |res<28>        |   35.916|
x<3>           |res<29>        |   38.198|
x<3>           |res<30>        |   38.863|
x<3>           |res<31>        |   36.950|
x<3>           |v              |   34.802|
x<3>           |zero           |   41.306|
x<4>           |c_out          |   33.040|
x<4>           |res<0>         |   14.195|
x<4>           |res<3>         |    8.605|
x<4>           |res<4>         |   15.936|
x<4>           |res<5>         |   14.559|
x<4>           |res<6>         |   15.938|
x<4>           |res<7>         |   14.050|
x<4>           |res<8>         |   13.888|
x<4>           |res<9>         |   15.216|
x<4>           |res<10>        |   17.170|
x<4>           |res<11>        |   17.950|
x<4>           |res<12>        |   18.138|
x<4>           |res<13>        |   21.930|
x<4>           |res<14>        |   22.946|
x<4>           |res<15>        |   23.593|
x<4>           |res<16>        |   23.789|
x<4>           |res<17>        |   25.367|
x<4>           |res<18>        |   26.673|
x<4>           |res<19>        |   26.845|
x<4>           |res<20>        |   29.212|
x<4>           |res<21>        |   28.682|
x<4>           |res<22>        |   29.675|
x<4>           |res<23>        |   32.117|
x<4>           |res<24>        |   33.882|
x<4>           |res<25>        |   32.916|
x<4>           |res<26>        |   35.636|
x<4>           |res<27>        |   34.814|
x<4>           |res<28>        |   34.867|
x<4>           |res<29>        |   36.991|
x<4>           |res<30>        |   37.479|
x<4>           |res<31>        |   35.833|
x<4>           |v              |   33.405|
x<4>           |zero           |   39.922|
x<5>           |c_out          |   32.241|
x<5>           |res<0>         |   14.038|
x<5>           |res<4>         |    8.611|
x<5>           |res<5>         |   14.630|
x<5>           |res<6>         |   16.009|
x<5>           |res<7>         |   14.121|
x<5>           |res<8>         |   13.959|
x<5>           |res<9>         |   14.444|
x<5>           |res<10>        |   16.189|
x<5>           |res<11>        |   17.096|
x<5>           |res<12>        |   17.366|
x<5>           |res<13>        |   21.158|
x<5>           |res<14>        |   22.174|
x<5>           |res<15>        |   22.821|
x<5>           |res<16>        |   23.017|
x<5>           |res<17>        |   24.595|
x<5>           |res<18>        |   25.901|
x<5>           |res<19>        |   25.864|
x<5>           |res<20>        |   28.440|
x<5>           |res<21>        |   27.910|
x<5>           |res<22>        |   28.903|
x<5>           |res<23>        |   31.345|
x<5>           |res<24>        |   33.110|
x<5>           |res<25>        |   32.144|
x<5>           |res<26>        |   34.864|
x<5>           |res<27>        |   34.042|
x<5>           |res<28>        |   34.095|
x<5>           |res<29>        |   36.219|
x<5>           |res<30>        |   36.707|
x<5>           |res<31>        |   35.061|
x<5>           |v              |   32.633|
x<5>           |zero           |   39.150|
x<6>           |c_out          |   31.787|
x<6>           |res<0>         |   14.058|
x<6>           |res<5>         |    8.511|
x<6>           |res<6>         |   15.444|
x<6>           |res<7>         |   13.556|
x<6>           |res<8>         |   13.394|
x<6>           |res<9>         |   13.990|
x<6>           |res<10>        |   15.690|
x<6>           |res<11>        |   16.642|
x<6>           |res<12>        |   16.912|
x<6>           |res<13>        |   20.704|
x<6>           |res<14>        |   21.720|
x<6>           |res<15>        |   22.367|
x<6>           |res<16>        |   22.563|
x<6>           |res<17>        |   24.141|
x<6>           |res<18>        |   25.447|
x<6>           |res<19>        |   25.364|
x<6>           |res<20>        |   27.986|
x<6>           |res<21>        |   27.456|
x<6>           |res<22>        |   28.449|
x<6>           |res<23>        |   30.891|
x<6>           |res<24>        |   32.656|
x<6>           |res<25>        |   31.690|
x<6>           |res<26>        |   34.410|
x<6>           |res<27>        |   33.588|
x<6>           |res<28>        |   33.641|
x<6>           |res<29>        |   35.765|
x<6>           |res<30>        |   36.253|
x<6>           |res<31>        |   34.607|
x<6>           |v              |   32.179|
x<6>           |zero           |   38.696|
x<7>           |c_out          |   30.675|
x<7>           |res<0>         |   13.341|
x<7>           |res<6>         |    8.824|
x<7>           |res<7>         |   13.452|
x<7>           |res<8>         |   13.290|
x<7>           |res<9>         |   13.514|
x<7>           |res<10>        |   14.805|
x<7>           |res<11>        |   15.585|
x<7>           |res<12>        |   15.524|
x<7>           |res<13>        |   19.141|
x<7>           |res<14>        |   20.139|
x<7>           |res<15>        |   20.853|
x<7>           |res<16>        |   21.043|
x<7>           |res<17>        |   22.908|
x<7>           |res<18>        |   24.290|
x<7>           |res<19>        |   24.480|
x<7>           |res<20>        |   26.805|
x<7>           |res<21>        |   26.214|
x<7>           |res<22>        |   27.050|
x<7>           |res<23>        |   29.255|
x<7>           |res<24>        |   30.892|
x<7>           |res<25>        |   30.249|
x<7>           |res<26>        |   32.971|
x<7>           |res<27>        |   31.702|
x<7>           |res<28>        |   32.043|
x<7>           |res<29>        |   34.325|
x<7>           |res<30>        |   34.990|
x<7>           |res<31>        |   33.077|
x<7>           |v              |   30.929|
x<7>           |zero           |   37.433|
x<8>           |c_out          |   28.954|
x<8>           |res<0>         |   13.382|
x<8>           |res<7>         |    8.351|
x<8>           |res<8>         |   13.022|
x<8>           |res<9>         |   13.246|
x<8>           |res<10>        |   14.471|
x<8>           |res<11>        |   14.127|
x<8>           |res<12>        |   14.079|
x<8>           |res<13>        |   17.871|
x<8>           |res<14>        |   18.887|
x<8>           |res<15>        |   19.534|
x<8>           |res<16>        |   19.730|
x<8>           |res<17>        |   21.308|
x<8>           |res<18>        |   22.614|
x<8>           |res<19>        |   22.531|
x<8>           |res<20>        |   25.153|
x<8>           |res<21>        |   24.623|
x<8>           |res<22>        |   25.616|
x<8>           |res<23>        |   28.058|
x<8>           |res<24>        |   29.823|
x<8>           |res<25>        |   28.857|
x<8>           |res<26>        |   31.577|
x<8>           |res<27>        |   30.755|
x<8>           |res<28>        |   30.808|
x<8>           |res<29>        |   32.932|
x<8>           |res<30>        |   33.420|
x<8>           |res<31>        |   31.774|
x<8>           |v              |   29.346|
x<8>           |zero           |   35.863|
x<9>           |c_out          |   27.234|
x<9>           |res<0>         |   13.190|
x<9>           |res<8>         |    6.880|
x<9>           |res<9>         |   13.072|
x<9>           |res<10>        |   14.297|
x<9>           |res<11>        |   13.953|
x<9>           |res<12>        |   13.315|
x<9>           |res<13>        |   15.979|
x<9>           |res<14>        |   16.698|
x<9>           |res<15>        |   17.412|
x<9>           |res<16>        |   17.602|
x<9>           |res<17>        |   19.467|
x<9>           |res<18>        |   20.849|
x<9>           |res<19>        |   21.039|
x<9>           |res<20>        |   23.364|
x<9>           |res<21>        |   22.773|
x<9>           |res<22>        |   23.609|
x<9>           |res<23>        |   25.814|
x<9>           |res<24>        |   27.571|
x<9>           |res<25>        |   26.808|
x<9>           |res<26>        |   29.530|
x<9>           |res<27>        |   28.503|
x<9>           |res<28>        |   28.602|
x<9>           |res<29>        |   30.884|
x<9>           |res<30>        |   31.549|
x<9>           |res<31>        |   29.636|
x<9>           |v              |   27.488|
x<9>           |zero           |   33.992|
x<10>          |c_out          |   26.227|
x<10>          |res<0>         |   12.946|
x<10>          |res<9>         |    6.927|
x<10>          |res<10>        |   14.192|
x<10>          |res<11>        |   13.848|
x<10>          |res<12>        |   13.210|
x<10>          |res<13>        |   15.874|
x<10>          |res<14>        |   16.160|
x<10>          |res<15>        |   16.807|
x<10>          |res<16>        |   17.003|
x<10>          |res<17>        |   18.882|
x<10>          |res<18>        |   20.134|
x<10>          |res<19>        |   19.894|
x<10>          |res<20>        |   22.426|
x<10>          |res<21>        |   21.896|
x<10>          |res<22>        |   22.889|
x<10>          |res<23>        |   25.331|
x<10>          |res<24>        |   27.096|
x<10>          |res<25>        |   26.130|
x<10>          |res<26>        |   28.850|
x<10>          |res<27>        |   28.028|
x<10>          |res<28>        |   28.081|
x<10>          |res<29>        |   30.205|
x<10>          |res<30>        |   30.693|
x<10>          |res<31>        |   29.047|
x<10>          |v              |   26.619|
x<10>          |zero           |   33.136|
x<11>          |c_out          |   25.761|
x<11>          |res<0>         |   13.183|
x<11>          |res<10>        |    7.890|
x<11>          |res<11>        |   14.381|
x<11>          |res<12>        |   13.743|
x<11>          |res<13>        |   16.407|
x<11>          |res<14>        |   15.970|
x<11>          |res<15>        |   15.939|
x<11>          |res<16>        |   16.129|
x<11>          |res<17>        |   19.415|
x<11>          |res<18>        |   20.667|
x<11>          |res<19>        |   19.945|
x<11>          |res<20>        |   21.891|
x<11>          |res<21>        |   21.300|
x<11>          |res<22>        |   22.136|
x<11>          |res<23>        |   24.341|
x<11>          |res<24>        |   25.978|
x<11>          |res<25>        |   25.335|
x<11>          |res<26>        |   28.057|
x<11>          |res<27>        |   26.788|
x<11>          |res<28>        |   27.129|
x<11>          |res<29>        |   29.411|
x<11>          |res<30>        |   30.076|
x<11>          |res<31>        |   28.163|
x<11>          |v              |   26.015|
x<11>          |zero           |   32.519|
x<12>          |c_out          |   25.798|
x<12>          |res<0>         |   13.274|
x<12>          |res<11>        |    9.592|
x<12>          |res<12>        |   14.334|
x<12>          |res<13>        |   16.998|
x<12>          |res<14>        |   16.561|
x<12>          |res<15>        |   16.288|
x<12>          |res<16>        |   16.166|
x<12>          |res<17>        |   20.006|
x<12>          |res<18>        |   21.258|
x<12>          |res<19>        |   20.536|
x<12>          |res<20>        |   22.354|
x<12>          |res<21>        |   21.337|
x<12>          |res<22>        |   22.173|
x<12>          |res<23>        |   24.378|
x<12>          |res<24>        |   26.104|
x<12>          |res<25>        |   25.372|
x<12>          |res<26>        |   28.094|
x<12>          |res<27>        |   27.036|
x<12>          |res<28>        |   27.166|
x<12>          |res<29>        |   29.448|
x<12>          |res<30>        |   30.113|
x<12>          |res<31>        |   28.200|
x<12>          |v              |   26.052|
x<12>          |zero           |   32.556|
x<13>          |c_out          |   23.603|
x<13>          |res<0>         |   13.045|
x<13>          |res<12>        |    6.942|
x<13>          |res<13>        |   16.115|
x<13>          |res<14>        |   15.678|
x<13>          |res<15>        |   15.405|
x<13>          |res<16>        |   14.607|
x<13>          |res<17>        |   19.123|
x<13>          |res<18>        |   20.375|
x<13>          |res<19>        |   19.653|
x<13>          |res<20>        |   21.471|
x<13>          |res<21>        |   19.830|
x<13>          |res<22>        |   20.231|
x<13>          |res<23>        |   22.183|
x<13>          |res<24>        |   23.820|
x<13>          |res<25>        |   23.177|
x<13>          |res<26>        |   25.899|
x<13>          |res<27>        |   24.702|
x<13>          |res<28>        |   24.971|
x<13>          |res<29>        |   27.253|
x<13>          |res<30>        |   27.918|
x<13>          |res<31>        |   26.005|
x<13>          |v              |   23.857|
x<13>          |zero           |   30.361|
x<14>          |c_out          |   22.434|
x<14>          |res<0>         |   13.098|
x<14>          |res<13>        |   10.195|
x<14>          |res<14>        |   15.713|
x<14>          |res<15>        |   15.440|
x<14>          |res<16>        |   14.642|
x<14>          |res<17>        |   19.158|
x<14>          |res<18>        |   20.410|
x<14>          |res<19>        |   19.688|
x<14>          |res<20>        |   21.506|
x<14>          |res<21>        |   19.865|
x<14>          |res<22>        |   20.266|
x<14>          |res<23>        |   21.217|
x<14>          |res<24>        |   22.982|
x<14>          |res<25>        |   22.016|
x<14>          |res<26>        |   24.736|
x<14>          |res<27>        |   23.914|
x<14>          |res<28>        |   23.967|
x<14>          |res<29>        |   26.091|
x<14>          |res<30>        |   26.749|
x<14>          |res<31>        |   24.933|
x<14>          |v              |   22.688|
x<14>          |zero           |   29.192|
x<15>          |c_out          |   21.856|
x<15>          |res<0>         |   12.851|
x<15>          |res<14>        |   10.447|
x<15>          |res<15>        |   15.442|
x<15>          |res<16>        |   14.644|
x<15>          |res<17>        |   19.160|
x<15>          |res<18>        |   20.412|
x<15>          |res<19>        |   19.690|
x<15>          |res<20>        |   21.508|
x<15>          |res<21>        |   19.867|
x<15>          |res<22>        |   20.268|
x<15>          |res<23>        |   21.207|
x<15>          |res<24>        |   22.076|
x<15>          |res<25>        |   21.430|
x<15>          |res<26>        |   24.152|
x<15>          |res<27>        |   22.919|
x<15>          |res<28>        |   23.224|
x<15>          |res<29>        |   25.506|
x<15>          |res<30>        |   26.171|
x<15>          |res<31>        |   24.258|
x<15>          |v              |   22.110|
x<15>          |zero           |   28.614|
x<16>          |c_out          |   20.832|
x<16>          |res<0>         |   13.921|
x<16>          |res<15>        |    8.993|
x<16>          |res<16>        |   15.096|
x<16>          |res<17>        |   19.612|
x<16>          |res<18>        |   20.864|
x<16>          |res<19>        |   20.142|
x<16>          |res<20>        |   21.960|
x<16>          |res<21>        |   20.319|
x<16>          |res<22>        |   20.720|
x<16>          |res<23>        |   21.659|
x<16>          |res<24>        |   22.528|
x<16>          |res<25>        |   20.625|
x<16>          |res<26>        |   23.345|
x<16>          |res<27>        |   22.523|
x<16>          |res<28>        |   22.576|
x<16>          |res<29>        |   24.700|
x<16>          |res<30>        |   25.188|
x<16>          |res<31>        |   23.542|
x<16>          |v              |   21.114|
x<16>          |zero           |   27.631|
x<17>          |c_out          |   20.122|
x<17>          |res<0>         |   12.938|
x<17>          |res<16>        |    7.762|
x<17>          |res<17>        |   19.233|
x<17>          |res<18>        |   20.485|
x<17>          |res<19>        |   19.763|
x<17>          |res<20>        |   21.581|
x<17>          |res<21>        |   19.940|
x<17>          |res<22>        |   20.341|
x<17>          |res<23>        |   21.280|
x<17>          |res<24>        |   22.149|
x<17>          |res<25>        |   20.165|
x<17>          |res<26>        |   22.745|
x<17>          |res<27>        |   21.923|
x<17>          |res<28>        |   21.976|
x<17>          |res<29>        |   24.100|
x<17>          |res<30>        |   24.588|
x<17>          |res<31>        |   22.942|
x<17>          |v              |   20.514|
x<17>          |zero           |   27.031|
x<18>          |c_out          |   19.147|
x<18>          |res<0>         |   12.748|
x<18>          |res<17>        |    8.975|
x<18>          |res<18>        |   19.987|
x<18>          |res<19>        |   19.334|
x<18>          |res<20>        |   21.291|
x<18>          |res<21>        |   19.728|
x<18>          |res<22>        |   20.129|
x<18>          |res<23>        |   21.068|
x<18>          |res<24>        |   21.937|
x<18>          |res<25>        |   19.953|
x<18>          |res<26>        |   22.288|
x<18>          |res<27>        |   20.948|
x<18>          |res<28>        |   21.001|
x<18>          |res<29>        |   23.125|
x<18>          |res<30>        |   23.613|
x<18>          |res<31>        |   21.967|
x<18>          |v              |   19.539|
x<18>          |zero           |   26.056|
x<19>          |c_out          |   18.146|
x<19>          |res<0>         |   12.864|
x<19>          |res<18>        |   10.360|
x<19>          |res<19>        |   18.549|
x<19>          |res<20>        |   20.687|
x<19>          |res<21>        |   19.124|
x<19>          |res<22>        |   19.525|
x<19>          |res<23>        |   20.612|
x<19>          |res<24>        |   21.481|
x<19>          |res<25>        |   19.497|
x<19>          |res<26>        |   21.832|
x<19>          |res<27>        |   20.232|
x<19>          |res<28>        |   19.937|
x<19>          |res<29>        |   21.796|
x<19>          |res<30>        |   22.461|
x<19>          |res<31>        |   20.548|
x<19>          |v              |   18.400|
x<19>          |zero           |   24.904|
x<20>          |c_out          |   18.082|
x<20>          |res<0>         |   13.134|
x<20>          |res<19>        |    9.854|
x<20>          |res<20>        |   21.183|
x<20>          |res<21>        |   19.620|
x<20>          |res<22>        |   20.149|
x<20>          |res<23>        |   21.325|
x<20>          |res<24>        |   22.194|
x<20>          |res<25>        |   20.236|
x<20>          |res<26>        |   22.571|
x<20>          |res<27>        |   21.084|
x<20>          |res<28>        |   20.789|
x<20>          |res<29>        |   22.060|
x<20>          |res<30>        |   22.548|
x<20>          |res<31>        |   20.902|
x<20>          |v              |   18.474|
x<20>          |zero           |   24.991|
x<21>          |c_out          |   16.337|
x<21>          |res<0>         |   13.001|
x<21>          |res<20>        |   10.014|
x<21>          |res<21>        |   18.356|
x<21>          |res<22>        |   18.908|
x<21>          |res<23>        |   20.202|
x<21>          |res<24>        |   21.071|
x<21>          |res<25>        |   19.347|
x<21>          |res<26>        |   21.682|
x<21>          |res<27>        |   20.195|
x<21>          |res<28>        |   19.900|
x<21>          |res<29>        |   21.153|
x<21>          |res<30>        |   21.234|
x<21>          |res<31>        |   18.922|
x<21>          |v              |   16.591|
x<21>          |zero           |   23.677|
x<22>          |c_out          |   15.483|
x<22>          |res<0>         |   12.723|
x<22>          |res<21>        |    8.759|
x<22>          |res<22>        |   18.225|
x<22>          |res<23>        |   19.618|
x<22>          |res<24>        |   20.647|
x<22>          |res<25>        |   19.117|
x<22>          |res<26>        |   21.603|
x<22>          |res<27>        |   20.216|
x<22>          |res<28>        |   19.921|
x<22>          |res<29>        |   21.174|
x<22>          |res<30>        |   21.255|
x<22>          |res<31>        |   18.594|
x<22>          |v              |   15.737|
x<22>          |zero           |   23.698|
x<23>          |c_out          |   14.405|
x<23>          |res<0>         |   12.770|
x<23>          |res<22>        |    9.192|
x<23>          |res<23>        |   19.154|
x<23>          |res<24>        |   20.244|
x<23>          |res<25>        |   18.714|
x<23>          |res<26>        |   21.200|
x<23>          |res<27>        |   19.813|
x<23>          |res<28>        |   19.518|
x<23>          |res<29>        |   20.771|
x<23>          |res<30>        |   20.852|
x<23>          |res<31>        |   18.191|
x<23>          |v              |   14.659|
x<23>          |zero           |   23.295|
x<24>          |c_out          |   13.807|
x<24>          |res<0>         |   12.996|
x<24>          |res<23>        |   10.596|
x<24>          |res<24>        |   21.500|
x<24>          |res<25>        |   20.047|
x<24>          |res<26>        |   22.533|
x<24>          |res<27>        |   21.146|
x<24>          |res<28>        |   20.851|
x<24>          |res<29>        |   22.104|
x<24>          |res<30>        |   22.185|
x<24>          |res<31>        |   19.524|
x<24>          |v              |   14.061|
x<24>          |zero           |   24.628|
x<25>          |c_out          |   13.285|
x<25>          |res<0>         |   12.437|
x<25>          |res<24>        |   11.698|
x<25>          |res<25>        |   19.345|
x<25>          |res<26>        |   21.831|
x<25>          |res<27>        |   20.561|
x<25>          |res<28>        |   20.266|
x<25>          |res<29>        |   21.523|
x<25>          |res<30>        |   21.604|
x<25>          |res<31>        |   18.943|
x<25>          |v              |   13.539|
x<25>          |zero           |   24.047|
x<26>          |c_out          |   12.784|
x<26>          |res<0>         |   12.975|
x<26>          |res<25>        |    9.413|
x<26>          |res<26>        |   21.478|
x<26>          |res<27>        |   20.308|
x<26>          |res<28>        |   20.117|
x<26>          |res<29>        |   21.487|
x<26>          |res<30>        |   21.568|
x<26>          |res<31>        |   18.907|
x<26>          |v              |   13.038|
x<26>          |zero           |   24.011|
x<27>          |c_out          |   11.915|
x<27>          |res<0>         |   12.197|
x<27>          |res<26>        |   11.245|
x<27>          |res<27>        |   20.501|
x<27>          |res<28>        |   20.427|
x<27>          |res<29>        |   21.878|
x<27>          |res<30>        |   21.959|
x<27>          |res<31>        |   19.298|
x<27>          |v              |   12.169|
x<27>          |zero           |   24.402|
x<28>          |c_out          |   10.702|
x<28>          |res<0>         |   12.426|
x<28>          |res<27>        |    9.840|
x<28>          |res<28>        |   19.759|
x<28>          |res<29>        |   21.210|
x<28>          |res<30>        |   21.291|
x<28>          |res<31>        |   18.837|
x<28>          |v              |   10.956|
x<28>          |zero           |   23.734|
x<29>          |c_out          |    9.722|
x<29>          |res<0>         |   12.783|
x<29>          |res<28>        |    9.537|
x<29>          |res<29>        |   19.797|
x<29>          |res<30>        |   20.156|
x<29>          |res<31>        |   17.949|
x<29>          |v              |    9.976|
x<29>          |zero           |   22.599|
x<30>          |c_out          |    9.070|
x<30>          |res<0>         |   12.078|
x<30>          |res<29>        |   10.824|
x<30>          |res<30>        |   19.928|
x<30>          |res<31>        |   17.721|
x<30>          |v              |    9.324|
x<30>          |zero           |   22.371|
x<31>          |c_out          |    7.120|
x<31>          |res<0>         |   12.414|
x<31>          |res<30>        |    9.378|
x<31>          |res<31>        |   17.930|
x<31>          |v              |    7.353|
x<31>          |zero           |   20.326|
y<0>           |c_out          |   37.396|
y<0>           |res<0>         |   14.297|
y<0>           |res<1>         |   14.827|
y<0>           |res<2>         |   14.538|
y<0>           |res<3>         |   14.701|
y<0>           |res<4>         |   15.965|
y<0>           |res<5>         |   15.300|
y<0>           |res<6>         |   17.232|
y<0>           |res<7>         |   16.940|
y<0>           |res<8>         |   17.511|
y<0>           |res<9>         |   19.599|
y<0>           |res<10>        |   21.299|
y<0>           |res<11>        |   22.251|
y<0>           |res<12>        |   22.521|
y<0>           |res<13>        |   26.313|
y<0>           |res<14>        |   27.329|
y<0>           |res<15>        |   27.976|
y<0>           |res<16>        |   28.172|
y<0>           |res<17>        |   29.750|
y<0>           |res<18>        |   31.056|
y<0>           |res<19>        |   30.973|
y<0>           |res<20>        |   33.595|
y<0>           |res<21>        |   33.065|
y<0>           |res<22>        |   34.058|
y<0>           |res<23>        |   36.500|
y<0>           |res<24>        |   38.265|
y<0>           |res<25>        |   37.299|
y<0>           |res<26>        |   40.019|
y<0>           |res<27>        |   39.197|
y<0>           |res<28>        |   39.250|
y<0>           |res<29>        |   41.374|
y<0>           |res<30>        |   41.862|
y<0>           |res<31>        |   40.216|
y<0>           |v              |   37.788|
y<0>           |zero           |   44.305|
y<1>           |c_out          |   36.891|
y<1>           |res<0>         |   14.247|
y<1>           |res<1>         |   14.572|
y<1>           |res<2>         |   14.283|
y<1>           |res<3>         |   14.446|
y<1>           |res<4>         |   15.574|
y<1>           |res<5>         |   14.757|
y<1>           |res<6>         |   16.727|
y<1>           |res<7>         |   16.435|
y<1>           |res<8>         |   16.968|
y<1>           |res<9>         |   19.094|
y<1>           |res<10>        |   20.794|
y<1>           |res<11>        |   21.746|
y<1>           |res<12>        |   22.016|
y<1>           |res<13>        |   25.808|
y<1>           |res<14>        |   26.824|
y<1>           |res<15>        |   27.471|
y<1>           |res<16>        |   27.667|
y<1>           |res<17>        |   29.245|
y<1>           |res<18>        |   30.551|
y<1>           |res<19>        |   30.468|
y<1>           |res<20>        |   33.090|
y<1>           |res<21>        |   32.560|
y<1>           |res<22>        |   33.553|
y<1>           |res<23>        |   35.995|
y<1>           |res<24>        |   37.760|
y<1>           |res<25>        |   36.794|
y<1>           |res<26>        |   39.514|
y<1>           |res<27>        |   38.692|
y<1>           |res<28>        |   38.745|
y<1>           |res<29>        |   40.869|
y<1>           |res<30>        |   41.357|
y<1>           |res<31>        |   39.711|
y<1>           |v              |   37.283|
y<1>           |zero           |   43.800|
y<2>           |c_out          |   37.762|
y<2>           |res<0>         |   14.243|
y<2>           |res<2>         |   15.857|
y<2>           |res<3>         |   16.020|
y<2>           |res<4>         |   17.148|
y<2>           |res<5>         |   15.771|
y<2>           |res<6>         |   17.598|
y<2>           |res<7>         |   17.306|
y<2>           |res<8>         |   17.755|
y<2>           |res<9>         |   19.965|
y<2>           |res<10>        |   21.665|
y<2>           |res<11>        |   22.617|
y<2>           |res<12>        |   22.887|
y<2>           |res<13>        |   26.679|
y<2>           |res<14>        |   27.695|
y<2>           |res<15>        |   28.342|
y<2>           |res<16>        |   28.538|
y<2>           |res<17>        |   30.116|
y<2>           |res<18>        |   31.422|
y<2>           |res<19>        |   31.339|
y<2>           |res<20>        |   33.961|
y<2>           |res<21>        |   33.431|
y<2>           |res<22>        |   34.424|
y<2>           |res<23>        |   36.866|
y<2>           |res<24>        |   38.631|
y<2>           |res<25>        |   37.665|
y<2>           |res<26>        |   40.385|
y<2>           |res<27>        |   39.563|
y<2>           |res<28>        |   39.616|
y<2>           |res<29>        |   41.740|
y<2>           |res<30>        |   42.228|
y<2>           |res<31>        |   40.582|
y<2>           |v              |   38.154|
y<2>           |zero           |   44.671|
y<3>           |c_out          |   36.525|
y<3>           |res<0>         |   13.638|
y<3>           |res<3>         |   16.549|
y<3>           |res<4>         |   17.677|
y<3>           |res<5>         |   16.300|
y<3>           |res<6>         |   17.679|
y<3>           |res<7>         |   16.069|
y<3>           |res<8>         |   16.629|
y<3>           |res<9>         |   18.728|
y<3>           |res<10>        |   20.428|
y<3>           |res<11>        |   21.380|
y<3>           |res<12>        |   21.650|
y<3>           |res<13>        |   25.442|
y<3>           |res<14>        |   26.458|
y<3>           |res<15>        |   27.105|
y<3>           |res<16>        |   27.301|
y<3>           |res<17>        |   28.879|
y<3>           |res<18>        |   30.185|
y<3>           |res<19>        |   30.102|
y<3>           |res<20>        |   32.724|
y<3>           |res<21>        |   32.194|
y<3>           |res<22>        |   33.187|
y<3>           |res<23>        |   35.629|
y<3>           |res<24>        |   37.394|
y<3>           |res<25>        |   36.428|
y<3>           |res<26>        |   39.148|
y<3>           |res<27>        |   38.326|
y<3>           |res<28>        |   38.379|
y<3>           |res<29>        |   40.503|
y<3>           |res<30>        |   40.991|
y<3>           |res<31>        |   39.345|
y<3>           |v              |   36.917|
y<3>           |zero           |   43.434|
y<4>           |c_out          |   34.674|
y<4>           |res<0>         |   13.705|
y<4>           |res<4>         |   15.809|
y<4>           |res<5>         |   14.432|
y<4>           |res<6>         |   15.811|
y<4>           |res<7>         |   14.149|
y<4>           |res<8>         |   15.098|
y<4>           |res<9>         |   16.808|
y<4>           |res<10>        |   18.804|
y<4>           |res<11>        |   19.584|
y<4>           |res<12>        |   19.730|
y<4>           |res<13>        |   23.522|
y<4>           |res<14>        |   24.538|
y<4>           |res<15>        |   25.185|
y<4>           |res<16>        |   25.381|
y<4>           |res<17>        |   26.959|
y<4>           |res<18>        |   28.289|
y<4>           |res<19>        |   28.479|
y<4>           |res<20>        |   30.804|
y<4>           |res<21>        |   30.274|
y<4>           |res<22>        |   31.267|
y<4>           |res<23>        |   33.709|
y<4>           |res<24>        |   35.474|
y<4>           |res<25>        |   34.508|
y<4>           |res<26>        |   37.228|
y<4>           |res<27>        |   36.406|
y<4>           |res<28>        |   36.459|
y<4>           |res<29>        |   38.583|
y<4>           |res<30>        |   39.071|
y<4>           |res<31>        |   37.425|
y<4>           |v              |   34.997|
y<4>           |zero           |   41.514|
y<5>           |c_out          |   33.410|
y<5>           |res<0>         |   13.781|
y<5>           |res<5>         |   15.076|
y<5>           |res<6>         |   16.455|
y<5>           |res<7>         |   14.567|
y<5>           |res<8>         |   14.405|
y<5>           |res<9>         |   15.575|
y<5>           |res<10>        |   17.540|
y<5>           |res<11>        |   18.320|
y<5>           |res<12>        |   18.497|
y<5>           |res<13>        |   22.289|
y<5>           |res<14>        |   23.305|
y<5>           |res<15>        |   23.952|
y<5>           |res<16>        |   24.148|
y<5>           |res<17>        |   25.726|
y<5>           |res<18>        |   27.032|
y<5>           |res<19>        |   27.215|
y<5>           |res<20>        |   29.571|
y<5>           |res<21>        |   29.041|
y<5>           |res<22>        |   30.034|
y<5>           |res<23>        |   32.476|
y<5>           |res<24>        |   34.241|
y<5>           |res<25>        |   33.275|
y<5>           |res<26>        |   35.995|
y<5>           |res<27>        |   35.173|
y<5>           |res<28>        |   35.226|
y<5>           |res<29>        |   37.350|
y<5>           |res<30>        |   37.838|
y<5>           |res<31>        |   36.192|
y<5>           |v              |   33.764|
y<5>           |zero           |   40.281|
y<6>           |c_out          |   32.709|
y<6>           |res<0>         |   13.621|
y<6>           |res<6>         |   16.400|
y<6>           |res<7>         |   14.512|
y<6>           |res<8>         |   14.350|
y<6>           |res<9>         |   14.912|
y<6>           |res<10>        |   16.612|
y<6>           |res<11>        |   17.564|
y<6>           |res<12>        |   17.834|
y<6>           |res<13>        |   21.626|
y<6>           |res<14>        |   22.642|
y<6>           |res<15>        |   23.289|
y<6>           |res<16>        |   23.485|
y<6>           |res<17>        |   25.063|
y<6>           |res<18>        |   26.369|
y<6>           |res<19>        |   26.286|
y<6>           |res<20>        |   28.908|
y<6>           |res<21>        |   28.378|
y<6>           |res<22>        |   29.371|
y<6>           |res<23>        |   31.813|
y<6>           |res<24>        |   33.578|
y<6>           |res<25>        |   32.612|
y<6>           |res<26>        |   35.332|
y<6>           |res<27>        |   34.510|
y<6>           |res<28>        |   34.563|
y<6>           |res<29>        |   36.687|
y<6>           |res<30>        |   37.175|
y<6>           |res<31>        |   35.529|
y<6>           |v              |   33.101|
y<6>           |zero           |   39.618|
y<7>           |c_out          |   32.648|
y<7>           |res<0>         |   13.695|
y<7>           |res<7>         |   14.753|
y<7>           |res<8>         |   14.591|
y<7>           |res<9>         |   14.851|
y<7>           |res<10>        |   16.551|
y<7>           |res<11>        |   17.503|
y<7>           |res<12>        |   17.773|
y<7>           |res<13>        |   21.565|
y<7>           |res<14>        |   22.581|
y<7>           |res<15>        |   23.228|
y<7>           |res<16>        |   23.424|
y<7>           |res<17>        |   25.002|
y<7>           |res<18>        |   26.308|
y<7>           |res<19>        |   26.225|
y<7>           |res<20>        |   28.847|
y<7>           |res<21>        |   28.317|
y<7>           |res<22>        |   29.310|
y<7>           |res<23>        |   31.752|
y<7>           |res<24>        |   33.517|
y<7>           |res<25>        |   32.551|
y<7>           |res<26>        |   35.271|
y<7>           |res<27>        |   34.449|
y<7>           |res<28>        |   34.502|
y<7>           |res<29>        |   36.626|
y<7>           |res<30>        |   37.114|
y<7>           |res<31>        |   35.468|
y<7>           |v              |   33.040|
y<7>           |zero           |   39.557|
y<8>           |c_out          |   31.519|
y<8>           |res<0>         |   12.937|
y<8>           |res<8>         |   15.753|
y<8>           |res<9>         |   15.977|
y<8>           |res<10>        |   17.202|
y<8>           |res<11>        |   16.858|
y<8>           |res<12>        |   16.644|
y<8>           |res<13>        |   20.436|
y<8>           |res<14>        |   21.452|
y<8>           |res<15>        |   22.099|
y<8>           |res<16>        |   22.295|
y<8>           |res<17>        |   23.873|
y<8>           |res<18>        |   25.179|
y<8>           |res<19>        |   25.096|
y<8>           |res<20>        |   27.718|
y<8>           |res<21>        |   27.188|
y<8>           |res<22>        |   28.181|
y<8>           |res<23>        |   30.623|
y<8>           |res<24>        |   32.388|
y<8>           |res<25>        |   31.422|
y<8>           |res<26>        |   34.142|
y<8>           |res<27>        |   33.320|
y<8>           |res<28>        |   33.373|
y<8>           |res<29>        |   35.497|
y<8>           |res<30>        |   35.985|
y<8>           |res<31>        |   34.339|
y<8>           |v              |   31.911|
y<8>           |zero           |   38.428|
y<9>           |c_out          |   29.345|
y<9>           |res<0>         |   13.229|
y<9>           |res<9>         |   15.540|
y<9>           |res<10>        |   16.765|
y<9>           |res<11>        |   16.421|
y<9>           |res<12>        |   15.783|
y<9>           |res<13>        |   18.447|
y<9>           |res<14>        |   18.809|
y<9>           |res<15>        |   19.523|
y<9>           |res<16>        |   19.713|
y<9>           |res<17>        |   21.578|
y<9>           |res<18>        |   22.960|
y<9>           |res<19>        |   23.150|
y<9>           |res<20>        |   25.475|
y<9>           |res<21>        |   24.884|
y<9>           |res<22>        |   25.720|
y<9>           |res<23>        |   27.925|
y<9>           |res<24>        |   29.562|
y<9>           |res<25>        |   28.919|
y<9>           |res<26>        |   31.641|
y<9>           |res<27>        |   30.386|
y<9>           |res<28>        |   30.713|
y<9>           |res<29>        |   32.995|
y<9>           |res<30>        |   33.660|
y<9>           |res<31>        |   31.747|
y<9>           |v              |   29.599|
y<9>           |zero           |   36.103|
y<10>          |c_out          |   29.236|
y<10>          |res<0>         |   12.807|
y<10>          |res<10>        |   16.039|
y<10>          |res<11>        |   15.695|
y<10>          |res<12>        |   15.057|
y<10>          |res<13>        |   18.153|
y<10>          |res<14>        |   19.169|
y<10>          |res<15>        |   19.816|
y<10>          |res<16>        |   20.012|
y<10>          |res<17>        |   21.590|
y<10>          |res<18>        |   22.896|
y<10>          |res<19>        |   22.813|
y<10>          |res<20>        |   25.435|
y<10>          |res<21>        |   24.905|
y<10>          |res<22>        |   25.898|
y<10>          |res<23>        |   28.340|
y<10>          |res<24>        |   30.105|
y<10>          |res<25>        |   29.139|
y<10>          |res<26>        |   31.859|
y<10>          |res<27>        |   31.037|
y<10>          |res<28>        |   31.090|
y<10>          |res<29>        |   33.214|
y<10>          |res<30>        |   33.702|
y<10>          |res<31>        |   32.056|
y<10>          |v              |   29.628|
y<10>          |zero           |   36.145|
y<11>          |c_out          |   27.573|
y<11>          |res<0>         |   12.685|
y<11>          |res<11>        |   16.297|
y<11>          |res<12>        |   15.659|
y<11>          |res<13>        |   18.323|
y<11>          |res<14>        |   17.886|
y<11>          |res<15>        |   17.751|
y<11>          |res<16>        |   17.941|
y<11>          |res<17>        |   21.331|
y<11>          |res<18>        |   22.583|
y<11>          |res<19>        |   21.861|
y<11>          |res<20>        |   23.703|
y<11>          |res<21>        |   23.112|
y<11>          |res<22>        |   23.948|
y<11>          |res<23>        |   26.153|
y<11>          |res<24>        |   27.790|
y<11>          |res<25>        |   27.147|
y<11>          |res<26>        |   29.869|
y<11>          |res<27>        |   28.600|
y<11>          |res<28>        |   28.941|
y<11>          |res<29>        |   31.223|
y<11>          |res<30>        |   31.888|
y<11>          |res<31>        |   29.975|
y<11>          |v              |   27.827|
y<11>          |zero           |   34.331|
y<12>          |c_out          |   26.254|
y<12>          |res<0>         |   13.497|
y<12>          |res<12>        |   15.562|
y<12>          |res<13>        |   18.226|
y<12>          |res<14>        |   17.789|
y<12>          |res<15>        |   17.516|
y<12>          |res<16>        |   17.030|
y<12>          |res<17>        |   21.234|
y<12>          |res<18>        |   22.486|
y<12>          |res<19>        |   21.764|
y<12>          |res<20>        |   23.582|
y<12>          |res<21>        |   21.941|
y<12>          |res<22>        |   22.916|
y<12>          |res<23>        |   25.358|
y<12>          |res<24>        |   27.123|
y<12>          |res<25>        |   26.157|
y<12>          |res<26>        |   28.877|
y<12>          |res<27>        |   28.055|
y<12>          |res<28>        |   28.108|
y<12>          |res<29>        |   30.232|
y<12>          |res<30>        |   30.720|
y<12>          |res<31>        |   29.074|
y<12>          |v              |   26.646|
y<12>          |zero           |   33.163|
y<13>          |c_out          |   25.905|
y<13>          |res<0>         |   12.590|
y<13>          |res<13>        |   18.037|
y<13>          |res<14>        |   17.600|
y<13>          |res<15>        |   17.327|
y<13>          |res<16>        |   16.529|
y<13>          |res<17>        |   21.045|
y<13>          |res<18>        |   22.297|
y<13>          |res<19>        |   21.575|
y<13>          |res<20>        |   23.393|
y<13>          |res<21>        |   21.752|
y<13>          |res<22>        |   22.280|
y<13>          |res<23>        |   24.485|
y<13>          |res<24>        |   26.122|
y<13>          |res<25>        |   25.479|
y<13>          |res<26>        |   28.201|
y<13>          |res<27>        |   26.932|
y<13>          |res<28>        |   27.273|
y<13>          |res<29>        |   29.555|
y<13>          |res<30>        |   30.220|
y<13>          |res<31>        |   28.307|
y<13>          |v              |   26.159|
y<13>          |zero           |   32.663|
y<14>          |c_out          |   24.261|
y<14>          |res<0>         |   12.574|
y<14>          |res<14>        |   17.677|
y<14>          |res<15>        |   17.404|
y<14>          |res<16>        |   16.606|
y<14>          |res<17>        |   21.122|
y<14>          |res<18>        |   22.374|
y<14>          |res<19>        |   21.652|
y<14>          |res<20>        |   23.470|
y<14>          |res<21>        |   21.829|
y<14>          |res<22>        |   22.230|
y<14>          |res<23>        |   23.169|
y<14>          |res<24>        |   24.927|
y<14>          |res<25>        |   23.961|
y<14>          |res<26>        |   26.681|
y<14>          |res<27>        |   25.859|
y<14>          |res<28>        |   25.912|
y<14>          |res<29>        |   28.036|
y<14>          |res<30>        |   28.576|
y<14>          |res<31>        |   26.878|
y<14>          |v              |   24.515|
y<14>          |zero           |   31.019|
y<15>          |c_out          |   22.800|
y<15>          |res<0>         |   12.494|
y<15>          |res<15>        |   17.575|
y<15>          |res<16>        |   16.777|
y<15>          |res<17>        |   21.293|
y<15>          |res<18>        |   22.545|
y<15>          |res<19>        |   21.823|
y<15>          |res<20>        |   23.641|
y<15>          |res<21>        |   22.000|
y<15>          |res<22>        |   22.401|
y<15>          |res<23>        |   23.340|
y<15>          |res<24>        |   24.209|
y<15>          |res<25>        |   22.374|
y<15>          |res<26>        |   25.096|
y<15>          |res<27>        |   24.175|
y<15>          |res<28>        |   24.228|
y<15>          |res<29>        |   26.450|
y<15>          |res<30>        |   27.115|
y<15>          |res<31>        |   25.202|
y<15>          |v              |   23.054|
y<15>          |zero           |   29.558|
y<16>          |c_out          |   21.363|
y<16>          |res<0>         |   12.137|
y<16>          |res<16>        |   16.044|
y<16>          |res<17>        |   20.560|
y<16>          |res<18>        |   21.812|
y<16>          |res<19>        |   21.090|
y<16>          |res<20>        |   22.908|
y<16>          |res<21>        |   21.267|
y<16>          |res<22>        |   21.668|
y<16>          |res<23>        |   22.607|
y<16>          |res<24>        |   23.476|
y<16>          |res<25>        |   21.529|
y<16>          |res<26>        |   23.986|
y<16>          |res<27>        |   23.164|
y<16>          |res<28>        |   23.217|
y<16>          |res<29>        |   25.341|
y<16>          |res<30>        |   25.829|
y<16>          |res<31>        |   24.183|
y<16>          |v              |   21.755|
y<16>          |zero           |   28.272|
y<17>          |c_out          |   20.314|
y<17>          |res<0>         |   12.327|
y<17>          |res<17>        |   18.898|
y<17>          |res<18>        |   20.150|
y<17>          |res<19>        |   19.280|
y<17>          |res<20>        |   21.098|
y<17>          |res<21>        |   19.081|
y<17>          |res<22>        |   19.482|
y<17>          |res<23>        |   20.421|
y<17>          |res<24>        |   21.290|
y<17>          |res<25>        |   19.888|
y<17>          |res<26>        |   22.610|
y<17>          |res<27>        |   21.715|
y<17>          |res<28>        |   21.768|
y<17>          |res<29>        |   23.964|
y<17>          |res<30>        |   24.629|
y<17>          |res<31>        |   22.734|
y<17>          |v              |   20.568|
y<17>          |zero           |   27.072|
y<18>          |c_out          |   19.325|
y<18>          |res<0>         |   12.332|
y<18>          |res<18>        |   18.671|
y<18>          |res<19>        |   18.018|
y<18>          |res<20>        |   19.836|
y<18>          |res<21>        |   17.819|
y<18>          |res<22>        |   18.220|
y<18>          |res<23>        |   19.159|
y<18>          |res<24>        |   20.117|
y<18>          |res<25>        |   19.151|
y<18>          |res<26>        |   21.871|
y<18>          |res<27>        |   21.049|
y<18>          |res<28>        |   21.102|
y<18>          |res<29>        |   23.226|
y<18>          |res<30>        |   23.714|
y<18>          |res<31>        |   22.068|
y<18>          |v              |   19.640|
y<18>          |zero           |   26.157|
y<19>          |c_out          |   17.758|
y<19>          |res<0>         |   12.194|
y<19>          |res<19>        |   17.389|
y<19>          |res<20>        |   19.358|
y<19>          |res<21>        |   17.578|
y<19>          |res<22>        |   17.979|
y<19>          |res<23>        |   19.059|
y<19>          |res<24>        |   19.928|
y<19>          |res<25>        |   18.129|
y<19>          |res<26>        |   20.464|
y<19>          |res<27>        |   19.234|
y<19>          |res<28>        |   19.287|
y<19>          |res<29>        |   21.411|
y<19>          |res<30>        |   22.073|
y<19>          |res<31>        |   20.253|
y<19>          |v              |   18.012|
y<19>          |zero           |   24.516|
y<20>          |c_out          |   17.394|
y<20>          |res<0>         |   12.481|
y<20>          |res<20>        |   19.861|
y<20>          |res<21>        |   18.298|
y<20>          |res<22>        |   18.831|
y<20>          |res<23>        |   20.007|
y<20>          |res<24>        |   20.876|
y<20>          |res<25>        |   19.077|
y<20>          |res<26>        |   21.412|
y<20>          |res<27>        |   19.860|
y<20>          |res<28>        |   19.565|
y<20>          |res<29>        |   21.372|
y<20>          |res<30>        |   21.860|
y<20>          |res<31>        |   20.214|
y<20>          |v              |   17.786|
y<20>          |zero           |   24.303|
y<21>          |c_out          |   16.351|
y<21>          |res<0>         |   12.220|
y<21>          |res<21>        |   18.150|
y<21>          |res<22>        |   18.702|
y<21>          |res<23>        |   19.878|
y<21>          |res<24>        |   20.747|
y<21>          |res<25>        |   18.948|
y<21>          |res<26>        |   21.283|
y<21>          |res<27>        |   19.731|
y<21>          |res<28>        |   19.436|
y<21>          |res<29>        |   20.433|
y<21>          |res<30>        |   20.797|
y<21>          |res<31>        |   19.151|
y<21>          |v              |   16.723|
y<21>          |zero           |   23.240|
y<22>          |c_out          |   14.918|
y<22>          |res<0>         |   12.013|
y<22>          |res<22>        |   17.780|
y<22>          |res<23>        |   19.173|
y<22>          |res<24>        |   20.330|
y<22>          |res<25>        |   18.800|
y<22>          |res<26>        |   21.135|
y<22>          |res<27>        |   19.583|
y<22>          |res<28>        |   19.288|
y<22>          |res<29>        |   20.285|
y<22>          |res<30>        |   20.395|
y<22>          |res<31>        |   17.971|
y<22>          |v              |   15.310|
y<22>          |zero           |   22.838|
y<23>          |c_out          |   14.159|
y<23>          |res<0>         |   12.097|
y<23>          |res<23>        |   18.974|
y<23>          |res<24>        |   20.193|
y<23>          |res<25>        |   18.663|
y<23>          |res<26>        |   20.998|
y<23>          |res<27>        |   19.446|
y<23>          |res<28>        |   19.151|
y<23>          |res<29>        |   20.148|
y<23>          |res<30>        |   20.258|
y<23>          |res<31>        |   17.834|
y<23>          |v              |   14.413|
y<23>          |zero           |   22.701|
y<24>          |c_out          |   13.829|
y<24>          |res<0>         |   12.324|
y<24>          |res<24>        |   20.103|
y<24>          |res<25>        |   18.573|
y<24>          |res<26>        |   20.908|
y<24>          |res<27>        |   19.356|
y<24>          |res<28>        |   19.061|
y<24>          |res<29>        |   20.058|
y<24>          |res<30>        |   20.168|
y<24>          |res<31>        |   17.744|
y<24>          |v              |   14.083|
y<24>          |zero           |   22.611|
y<25>          |c_out          |   13.270|
y<25>          |res<0>         |   12.325|
y<25>          |res<25>        |   18.440|
y<25>          |res<26>        |   20.926|
y<25>          |res<27>        |   19.654|
y<25>          |res<28>        |   19.359|
y<25>          |res<29>        |   20.356|
y<25>          |res<30>        |   20.466|
y<25>          |res<31>        |   18.042|
y<25>          |v              |   13.524|
y<25>          |zero           |   22.909|
y<26>          |c_out          |   12.468|
y<26>          |res<0>         |   12.152|
y<26>          |res<26>        |   21.426|
y<26>          |res<27>        |   20.256|
y<26>          |res<28>        |   19.961|
y<26>          |res<29>        |   20.958|
y<26>          |res<30>        |   21.068|
y<26>          |res<31>        |   18.644|
y<26>          |v              |   12.722|
y<26>          |zero           |   23.511|
y<27>          |c_out          |   11.912|
y<27>          |res<0>         |   12.191|
y<27>          |res<27>        |   18.504|
y<27>          |res<28>        |   18.360|
y<27>          |res<29>        |   19.704|
y<27>          |res<30>        |   19.936|
y<27>          |res<31>        |   17.512|
y<27>          |v              |   12.166|
y<27>          |zero           |   22.379|
y<28>          |c_out          |   10.029|
y<28>          |res<0>         |   12.029|
y<28>          |res<28>        |   18.498|
y<28>          |res<29>        |   20.059|
y<28>          |res<30>        |   20.291|
y<28>          |res<31>        |   17.867|
y<28>          |v              |   10.304|
y<28>          |zero           |   22.734|
y<29>          |c_out          |    9.306|
y<29>          |res<0>         |   12.161|
y<29>          |res<29>        |   20.632|
y<29>          |res<30>        |   20.864|
y<29>          |res<31>        |   18.440|
y<29>          |v              |    9.560|
y<29>          |zero           |   23.307|
y<30>          |c_out          |    8.825|
y<30>          |res<0>         |   12.148|
y<30>          |res<30>        |   19.312|
y<30>          |res<31>        |   17.105|
y<30>          |v              |    9.217|
y<30>          |zero           |   21.755|
y<31>          |c_out          |    8.624|
y<31>          |res<0>         |   12.060|
y<31>          |res<31>        |   16.047|
y<31>          |v              |    9.059|
y<31>          |zero           |   18.443|
---------------+---------------+---------+


Analysis completed Wed Jan 29 21:28:12 2020 
--------------------------------------------------------------------------------

Trace Settings:
-------------------------
Trace Settings 

Peak Memory Usage: 352 MB



