--------------------------------------------------------------------------------
Release 13.4 Trace  (lin64)
Copyright (c) 1995-2011 Xilinx, Inc.  All rights reserved.

/opt/Xilinx/13.4/ISE_DS/ISE/bin/lin64/unwrapped/trce -intstyle ise -v 3 -s 5 -n
3 -fastpaths -xml alu.twx alu.ncd -o alu.twr alu.pcf

Design file:              alu.ncd
Physical constraint file: alu.pcf
Device,package,speed:     xc3s500e,fg320,-5 (PRODUCTION 1.27 2012-01-07)
Report level:             verbose report

Environment Variable      Effect 
--------------------      ------ 
NONE                      No environment variables were set
--------------------------------------------------------------------------------

INFO:Timing:2698 - No timing constraints found, doing default enumeration.
INFO:Timing:3412 - To improve timing, see the Timing Closure User Guide (UG612).
INFO:Timing:2752 - To get complete path coverage, use the unconstrained paths 
   option. All paths that are not constrained will be reported in the 
   unconstrained paths section(s) of the report.
INFO:Timing:3339 - The clock-to-out numbers in this timing report are based on 
   a 50 Ohm transmission line loading model.  For the details of this model, 
   and for more information on accounting for different loading conditions, 
   please see the device datasheet.
INFO:Timing:3390 - This architecture does not support a default System Jitter 
   value, please add SYSTEM_JITTER constraint to the UCF to modify the Clock 
   Uncertainty calculation.
INFO:Timing:3389 - This architecture does not support 'Discrete Jitter' and 
   'Phase Error' calculations, these terms will be zero in the Clock 
   Uncertainty calculation.  Please make appropriate modification to 
   SYSTEM_JITTER to account for the unsupported Discrete Jitter and Phase 
   Error.



Data Sheet report:
-----------------
All values displayed in nanoseconds (ns)

Pad to Pad
---------------+---------------+---------+
Source Pad     |Destination Pad|  Delay  |
---------------+---------------+---------+
opselect<0>    |c_out          |    9.857|
opselect<0>    |res<0>         |   12.900|
opselect<0>    |res<1>         |   10.925|
opselect<0>    |res<2>         |   10.327|
opselect<0>    |res<3>         |   10.391|
opselect<0>    |res<4>         |   10.807|
opselect<0>    |res<5>         |   10.570|
opselect<0>    |res<6>         |   10.105|
opselect<0>    |res<7>         |   10.738|
opselect<0>    |res<8>         |   11.734|
opselect<0>    |res<9>         |   10.514|
opselect<0>    |res<10>        |   10.840|
opselect<0>    |res<11>        |   10.285|
opselect<0>    |res<12>        |   11.075|
opselect<0>    |res<13>        |   10.891|
opselect<0>    |res<14>        |   10.698|
opselect<0>    |res<15>        |   11.177|
opselect<0>    |res<16>        |   10.797|
opselect<0>    |res<17>        |   11.066|
opselect<0>    |res<18>        |   10.889|
opselect<0>    |res<19>        |   11.336|
opselect<0>    |res<20>        |   10.775|
opselect<0>    |res<21>        |   11.404|
opselect<0>    |res<22>        |   11.314|
opselect<0>    |res<23>        |   10.953|
opselect<0>    |res<24>        |   11.764|
opselect<0>    |res<25>        |   11.684|
opselect<0>    |res<26>        |   10.515|
opselect<0>    |res<27>        |   11.146|
opselect<0>    |res<28>        |   10.238|
opselect<0>    |res<29>        |   11.701|
opselect<0>    |res<30>        |   13.807|
opselect<0>    |res<31>        |   14.190|
opselect<0>    |v              |    9.649|
opselect<0>    |zero           |   14.610|
opselect<1>    |c_out          |    9.318|
opselect<1>    |res<0>         |   12.733|
opselect<1>    |res<1>         |   11.735|
opselect<1>    |res<2>         |   10.810|
opselect<1>    |res<3>         |   10.823|
opselect<1>    |res<4>         |   10.568|
opselect<1>    |res<5>         |   11.312|
opselect<1>    |res<6>         |    9.737|
opselect<1>    |res<7>         |   10.330|
opselect<1>    |res<8>         |   10.913|
opselect<1>    |res<9>         |    9.955|
opselect<1>    |res<10>        |   10.697|
opselect<1>    |res<11>        |   10.051|
opselect<1>    |res<12>        |    9.997|
opselect<1>    |res<13>        |   10.197|
opselect<1>    |res<14>        |    9.623|
opselect<1>    |res<15>        |   10.408|
opselect<1>    |res<16>        |    9.423|
opselect<1>    |res<17>        |   10.516|
opselect<1>    |res<18>        |    9.264|
opselect<1>    |res<19>        |    9.369|
opselect<1>    |res<20>        |    8.707|
opselect<1>    |res<21>        |    9.849|
opselect<1>    |res<22>        |   10.194|
opselect<1>    |res<23>        |    8.908|
opselect<1>    |res<24>        |   10.153|
opselect<1>    |res<25>        |    8.859|
opselect<1>    |res<26>        |    7.718|
opselect<1>    |res<27>        |    8.473|
opselect<1>    |res<28>        |    8.352|
opselect<1>    |res<29>        |    9.584|
opselect<1>    |res<30>        |   11.135|
opselect<1>    |res<31>        |   10.825|
opselect<1>    |v              |    9.110|
opselect<1>    |zero           |   12.711|
opselect<2>    |c_out          |   12.243|
opselect<2>    |res<0>         |   10.478|
opselect<2>    |res<1>         |   10.907|
opselect<2>    |res<2>         |   10.489|
opselect<2>    |res<3>         |   10.298|
opselect<2>    |res<4>         |   10.180|
opselect<2>    |res<5>         |   11.406|
opselect<2>    |res<6>         |    9.595|
opselect<2>    |res<7>         |   11.207|
opselect<2>    |res<8>         |   11.800|
opselect<2>    |res<9>         |   10.390|
opselect<2>    |res<10>        |   11.587|
opselect<2>    |res<11>        |   10.400|
opselect<2>    |res<12>        |   10.975|
opselect<2>    |res<13>        |   10.894|
opselect<2>    |res<14>        |   10.561|
opselect<2>    |res<15>        |   11.034|
opselect<2>    |res<16>        |   10.696|
opselect<2>    |res<17>        |   10.769|
opselect<2>    |res<18>        |   10.905|
opselect<2>    |res<19>        |   12.722|
opselect<2>    |res<20>        |   11.681|
opselect<2>    |res<21>        |   12.646|
opselect<2>    |res<22>        |   12.744|
opselect<2>    |res<23>        |   11.294|
opselect<2>    |res<24>        |   12.659|
opselect<2>    |res<25>        |   11.513|
opselect<2>    |res<26>        |   11.340|
opselect<2>    |res<27>        |   11.798|
opselect<2>    |res<28>        |   11.549|
opselect<2>    |res<29>        |   11.581|
opselect<2>    |res<30>        |   12.552|
opselect<2>    |res<31>        |   13.268|
opselect<2>    |v              |   12.035|
opselect<2>    |zero           |   14.496|
opselect<3>    |c_out          |   10.551|
opselect<3>    |res<0>         |    9.149|
opselect<3>    |res<1>         |    9.052|
opselect<3>    |res<2>         |    8.587|
opselect<3>    |res<3>         |    8.041|
opselect<3>    |res<4>         |    9.091|
opselect<3>    |res<5>         |    8.781|
opselect<3>    |res<6>         |    8.247|
opselect<3>    |res<7>         |    9.105|
opselect<3>    |res<8>         |    8.355|
opselect<3>    |res<9>         |    7.758|
opselect<3>    |res<10>        |    8.001|
opselect<3>    |res<11>        |    7.744|
opselect<3>    |res<12>        |    8.203|
opselect<3>    |res<13>        |    7.807|
opselect<3>    |res<14>        |    7.475|
opselect<3>    |res<15>        |    7.690|
opselect<3>    |res<16>        |    7.689|
opselect<3>    |res<17>        |    7.747|
opselect<3>    |res<18>        |    6.865|
opselect<3>    |res<19>        |    7.774|
opselect<3>    |res<20>        |    6.636|
opselect<3>    |res<21>        |    8.896|
opselect<3>    |res<22>        |    8.930|
opselect<3>    |res<23>        |    7.217|
opselect<3>    |res<24>        |    8.899|
opselect<3>    |res<25>        |    6.802|
opselect<3>    |res<26>        |    7.493|
opselect<3>    |res<27>        |    5.832|
opselect<3>    |res<28>        |    7.300|
opselect<3>    |res<29>        |    7.737|
opselect<3>    |res<30>        |    7.777|
opselect<3>    |res<31>        |    8.484|
opselect<3>    |v              |   10.343|
opselect<3>    |zero           |   10.470|
x<0>           |c_out          |   35.995|
x<0>           |res<0>         |   16.840|
x<0>           |res<1>         |   11.190|
x<0>           |res<2>         |   11.817|
x<0>           |res<3>         |   12.624|
x<0>           |res<4>         |   13.829|
x<0>           |res<5>         |   14.949|
x<0>           |res<6>         |   14.921|
x<0>           |res<7>         |   16.332|
x<0>           |res<8>         |   17.613|
x<0>           |res<9>         |   18.201|
x<0>           |res<10>        |   19.619|
x<0>           |res<11>        |   20.422|
x<0>           |res<12>        |   21.567|
x<0>           |res<13>        |   22.665|
x<0>           |res<14>        |   23.693|
x<0>           |res<15>        |   24.557|
x<0>           |res<16>        |   25.063|
x<0>           |res<17>        |   26.226|
x<0>           |res<18>        |   27.297|
x<0>           |res<19>        |   28.455|
x<0>           |res<20>        |   28.356|
x<0>           |res<21>        |   29.846|
x<0>           |res<22>        |   30.501|
x<0>           |res<23>        |   31.503|
x<0>           |res<24>        |   32.123|
x<0>           |res<25>        |   33.325|
x<0>           |res<26>        |   32.576|
x<0>           |res<27>        |   34.531|
x<0>           |res<28>        |   34.399|
x<0>           |res<29>        |   36.413|
x<0>           |res<30>        |   38.969|
x<0>           |res<31>        |   40.499|
x<0>           |v              |   35.787|
x<0>           |zero           |   40.919|
x<1>           |c_out          |   35.829|
x<1>           |res<0>         |   16.554|
x<1>           |res<1>         |   11.192|
x<1>           |res<2>         |   11.587|
x<1>           |res<3>         |   12.458|
x<1>           |res<4>         |   13.663|
x<1>           |res<5>         |   14.783|
x<1>           |res<6>         |   14.691|
x<1>           |res<7>         |   16.166|
x<1>           |res<8>         |   17.447|
x<1>           |res<9>         |   18.035|
x<1>           |res<10>        |   19.453|
x<1>           |res<11>        |   20.256|
x<1>           |res<12>        |   21.401|
x<1>           |res<13>        |   22.499|
x<1>           |res<14>        |   23.527|
x<1>           |res<15>        |   24.391|
x<1>           |res<16>        |   24.897|
x<1>           |res<17>        |   26.060|
x<1>           |res<18>        |   27.131|
x<1>           |res<19>        |   28.289|
x<1>           |res<20>        |   28.190|
x<1>           |res<21>        |   29.680|
x<1>           |res<22>        |   30.335|
x<1>           |res<23>        |   31.337|
x<1>           |res<24>        |   31.957|
x<1>           |res<25>        |   33.159|
x<1>           |res<26>        |   32.410|
x<1>           |res<27>        |   34.365|
x<1>           |res<28>        |   34.233|
x<1>           |res<29>        |   36.247|
x<1>           |res<30>        |   38.803|
x<1>           |res<31>        |   40.333|
x<1>           |v              |   35.621|
x<1>           |zero           |   40.753|
x<2>           |c_out          |   34.738|
x<2>           |res<0>         |   16.467|
x<2>           |res<1>         |   10.224|
x<2>           |res<2>         |   10.231|
x<2>           |res<3>         |   11.962|
x<2>           |res<4>         |   13.197|
x<2>           |res<5>         |   13.692|
x<2>           |res<6>         |   14.524|
x<2>           |res<7>         |   15.606|
x<2>           |res<8>         |   16.843|
x<2>           |res<9>         |   16.944|
x<2>           |res<10>        |   18.362|
x<2>           |res<11>        |   19.165|
x<2>           |res<12>        |   20.379|
x<2>           |res<13>        |   21.408|
x<2>           |res<14>        |   22.436|
x<2>           |res<15>        |   23.300|
x<2>           |res<16>        |   23.806|
x<2>           |res<17>        |   24.969|
x<2>           |res<18>        |   26.040|
x<2>           |res<19>        |   27.198|
x<2>           |res<20>        |   27.179|
x<2>           |res<21>        |   28.589|
x<2>           |res<22>        |   29.353|
x<2>           |res<23>        |   30.246|
x<2>           |res<24>        |   30.866|
x<2>           |res<25>        |   32.068|
x<2>           |res<26>        |   31.319|
x<2>           |res<27>        |   33.274|
x<2>           |res<28>        |   33.142|
x<2>           |res<29>        |   35.156|
x<2>           |res<30>        |   37.712|
x<2>           |res<31>        |   39.242|
x<2>           |v              |   34.530|
x<2>           |zero           |   39.662|
x<3>           |c_out          |   33.969|
x<3>           |res<0>         |   16.393|
x<3>           |res<2>         |    9.907|
x<3>           |res<3>         |    9.683|
x<3>           |res<4>         |   11.803|
x<3>           |res<5>         |   12.923|
x<3>           |res<6>         |   13.111|
x<3>           |res<7>         |   14.306|
x<3>           |res<8>         |   15.587|
x<3>           |res<9>         |   16.175|
x<3>           |res<10>        |   17.593|
x<3>           |res<11>        |   18.396|
x<3>           |res<12>        |   19.541|
x<3>           |res<13>        |   20.639|
x<3>           |res<14>        |   21.667|
x<3>           |res<15>        |   22.531|
x<3>           |res<16>        |   23.037|
x<3>           |res<17>        |   24.200|
x<3>           |res<18>        |   25.271|
x<3>           |res<19>        |   26.429|
x<3>           |res<20>        |   26.330|
x<3>           |res<21>        |   27.820|
x<3>           |res<22>        |   28.475|
x<3>           |res<23>        |   29.477|
x<3>           |res<24>        |   30.097|
x<3>           |res<25>        |   31.299|
x<3>           |res<26>        |   30.550|
x<3>           |res<27>        |   32.505|
x<3>           |res<28>        |   32.373|
x<3>           |res<29>        |   34.387|
x<3>           |res<30>        |   36.943|
x<3>           |res<31>        |   38.473|
x<3>           |v              |   33.761|
x<3>           |zero           |   38.893|
x<4>           |c_out          |   33.150|
x<4>           |res<0>         |   16.314|
x<4>           |res<3>         |   10.372|
x<4>           |res<4>         |   10.438|
x<4>           |res<5>         |   12.556|
x<4>           |res<6>         |   13.566|
x<4>           |res<7>         |   14.648|
x<4>           |res<8>         |   15.885|
x<4>           |res<9>         |   15.627|
x<4>           |res<10>        |   17.278|
x<4>           |res<11>        |   17.647|
x<4>           |res<12>        |   19.421|
x<4>           |res<13>        |   20.379|
x<4>           |res<14>        |   21.477|
x<4>           |res<15>        |   22.157|
x<4>           |res<16>        |   22.552|
x<4>           |res<17>        |   23.702|
x<4>           |res<18>        |   24.607|
x<4>           |res<19>        |   25.610|
x<4>           |res<20>        |   26.221|
x<4>           |res<21>        |   27.001|
x<4>           |res<22>        |   28.395|
x<4>           |res<23>        |   28.658|
x<4>           |res<24>        |   29.897|
x<4>           |res<25>        |   30.480|
x<4>           |res<26>        |   29.756|
x<4>           |res<27>        |   31.888|
x<4>           |res<28>        |   31.554|
x<4>           |res<29>        |   33.568|
x<4>           |res<30>        |   36.124|
x<4>           |res<31>        |   37.654|
x<4>           |v              |   32.942|
x<4>           |zero           |   38.074|
x<5>           |c_out          |   32.424|
x<5>           |res<0>         |   15.792|
x<5>           |res<4>         |    9.737|
x<5>           |res<5>         |   10.764|
x<5>           |res<6>         |   11.119|
x<5>           |res<7>         |   12.761|
x<5>           |res<8>         |   14.042|
x<5>           |res<9>         |   14.630|
x<5>           |res<10>        |   16.048|
x<5>           |res<11>        |   16.851|
x<5>           |res<12>        |   17.996|
x<5>           |res<13>        |   19.094|
x<5>           |res<14>        |   20.122|
x<5>           |res<15>        |   20.986|
x<5>           |res<16>        |   21.492|
x<5>           |res<17>        |   22.655|
x<5>           |res<18>        |   23.726|
x<5>           |res<19>        |   24.884|
x<5>           |res<20>        |   24.785|
x<5>           |res<21>        |   26.275|
x<5>           |res<22>        |   26.930|
x<5>           |res<23>        |   27.932|
x<5>           |res<24>        |   28.552|
x<5>           |res<25>        |   29.754|
x<5>           |res<26>        |   29.005|
x<5>           |res<27>        |   30.960|
x<5>           |res<28>        |   30.828|
x<5>           |res<29>        |   32.842|
x<5>           |res<30>        |   35.398|
x<5>           |res<31>        |   36.928|
x<5>           |v              |   32.216|
x<5>           |zero           |   37.348|
x<6>           |c_out          |   30.829|
x<6>           |res<0>         |   15.956|
x<6>           |res<5>         |    9.520|
x<6>           |res<6>         |    8.994|
x<6>           |res<7>         |   12.053|
x<6>           |res<8>         |   13.290|
x<6>           |res<9>         |   13.035|
x<6>           |res<10>        |   14.683|
x<6>           |res<11>        |   15.256|
x<6>           |res<12>        |   16.826|
x<6>           |res<13>        |   17.784|
x<6>           |res<14>        |   18.882|
x<6>           |res<15>        |   19.562|
x<6>           |res<16>        |   19.957|
x<6>           |res<17>        |   21.107|
x<6>           |res<18>        |   22.131|
x<6>           |res<19>        |   23.289|
x<6>           |res<20>        |   23.626|
x<6>           |res<21>        |   24.680|
x<6>           |res<22>        |   25.800|
x<6>           |res<23>        |   26.337|
x<6>           |res<24>        |   27.302|
x<6>           |res<25>        |   28.159|
x<6>           |res<26>        |   27.410|
x<6>           |res<27>        |   29.365|
x<6>           |res<28>        |   29.233|
x<6>           |res<29>        |   31.247|
x<6>           |res<30>        |   33.803|
x<6>           |res<31>        |   35.333|
x<6>           |v              |   30.621|
x<6>           |zero           |   35.753|
x<7>           |c_out          |   29.815|
x<7>           |res<0>         |   15.920|
x<7>           |res<6>         |    9.083|
x<7>           |res<7>         |   11.374|
x<7>           |res<8>         |   11.924|
x<7>           |res<9>         |   12.021|
x<7>           |res<10>        |   13.439|
x<7>           |res<11>        |   14.242|
x<7>           |res<12>        |   15.460|
x<7>           |res<13>        |   16.485|
x<7>           |res<14>        |   17.516|
x<7>           |res<15>        |   18.377|
x<7>           |res<16>        |   18.883|
x<7>           |res<17>        |   20.046|
x<7>           |res<18>        |   21.117|
x<7>           |res<19>        |   22.275|
x<7>           |res<20>        |   22.260|
x<7>           |res<21>        |   23.666|
x<7>           |res<22>        |   24.434|
x<7>           |res<23>        |   25.323|
x<7>           |res<24>        |   25.943|
x<7>           |res<25>        |   27.145|
x<7>           |res<26>        |   26.396|
x<7>           |res<27>        |   28.351|
x<7>           |res<28>        |   28.219|
x<7>           |res<29>        |   30.233|
x<7>           |res<30>        |   32.789|
x<7>           |res<31>        |   34.319|
x<7>           |v              |   29.607|
x<7>           |zero           |   34.739|
x<8>           |c_out          |   28.444|
x<8>           |res<0>         |   15.766|
x<8>           |res<7>         |    9.255|
x<8>           |res<8>         |   10.709|
x<8>           |res<9>         |   10.664|
x<8>           |res<10>        |   12.315|
x<8>           |res<11>        |   12.871|
x<8>           |res<12>        |   14.458|
x<8>           |res<13>        |   15.416|
x<8>           |res<14>        |   16.514|
x<8>           |res<15>        |   17.194|
x<8>           |res<16>        |   17.589|
x<8>           |res<17>        |   18.739|
x<8>           |res<18>        |   19.746|
x<8>           |res<19>        |   20.904|
x<8>           |res<20>        |   21.258|
x<8>           |res<21>        |   22.295|
x<8>           |res<22>        |   23.432|
x<8>           |res<23>        |   23.952|
x<8>           |res<24>        |   24.934|
x<8>           |res<25>        |   25.774|
x<8>           |res<26>        |   25.025|
x<8>           |res<27>        |   26.980|
x<8>           |res<28>        |   26.848|
x<8>           |res<29>        |   28.862|
x<8>           |res<30>        |   31.418|
x<8>           |res<31>        |   32.948|
x<8>           |v              |   28.236|
x<8>           |zero           |   33.368|
x<9>           |c_out          |   28.106|
x<9>           |res<0>         |   15.085|
x<9>           |res<8>         |    9.354|
x<9>           |res<9>         |    9.136|
x<9>           |res<10>        |   11.730|
x<9>           |res<11>        |   12.533|
x<9>           |res<12>        |   13.678|
x<9>           |res<13>        |   14.776|
x<9>           |res<14>        |   15.804|
x<9>           |res<15>        |   16.668|
x<9>           |res<16>        |   17.174|
x<9>           |res<17>        |   18.337|
x<9>           |res<18>        |   19.408|
x<9>           |res<19>        |   20.566|
x<9>           |res<20>        |   20.467|
x<9>           |res<21>        |   21.957|
x<9>           |res<22>        |   22.612|
x<9>           |res<23>        |   23.614|
x<9>           |res<24>        |   24.234|
x<9>           |res<25>        |   25.436|
x<9>           |res<26>        |   24.687|
x<9>           |res<27>        |   26.642|
x<9>           |res<28>        |   26.510|
x<9>           |res<29>        |   28.524|
x<9>           |res<30>        |   31.080|
x<9>           |res<31>        |   32.610|
x<9>           |v              |   27.898|
x<9>           |zero           |   33.030|
x<10>          |c_out          |   26.529|
x<10>          |res<0>         |   15.074|
x<10>          |res<9>         |    8.433|
x<10>          |res<10>        |   10.213|
x<10>          |res<11>        |   10.956|
x<10>          |res<12>        |   12.240|
x<10>          |res<13>        |   13.199|
x<10>          |res<14>        |   14.296|
x<10>          |res<15>        |   15.091|
x<10>          |res<16>        |   15.597|
x<10>          |res<17>        |   16.760|
x<10>          |res<18>        |   17.831|
x<10>          |res<19>        |   18.989|
x<10>          |res<20>        |   19.040|
x<10>          |res<21>        |   20.380|
x<10>          |res<22>        |   21.214|
x<10>          |res<23>        |   22.037|
x<10>          |res<24>        |   22.716|
x<10>          |res<25>        |   23.859|
x<10>          |res<26>        |   23.110|
x<10>          |res<27>        |   25.065|
x<10>          |res<28>        |   24.933|
x<10>          |res<29>        |   26.947|
x<10>          |res<30>        |   29.503|
x<10>          |res<31>        |   31.033|
x<10>          |v              |   26.321|
x<10>          |zero           |   31.453|
x<11>          |c_out          |   25.877|
x<11>          |res<0>         |   15.130|
x<11>          |res<10>        |    9.276|
x<11>          |res<11>        |    9.093|
x<11>          |res<12>        |   11.725|
x<11>          |res<13>        |   12.683|
x<11>          |res<14>        |   13.781|
x<11>          |res<15>        |   14.461|
x<11>          |res<16>        |   14.945|
x<11>          |res<17>        |   16.108|
x<11>          |res<18>        |   17.179|
x<11>          |res<19>        |   18.337|
x<11>          |res<20>        |   18.525|
x<11>          |res<21>        |   19.728|
x<11>          |res<22>        |   20.699|
x<11>          |res<23>        |   21.385|
x<11>          |res<24>        |   22.201|
x<11>          |res<25>        |   23.207|
x<11>          |res<26>        |   22.458|
x<11>          |res<27>        |   24.413|
x<11>          |res<28>        |   24.281|
x<11>          |res<29>        |   26.295|
x<11>          |res<30>        |   28.851|
x<11>          |res<31>        |   30.381|
x<11>          |v              |   25.669|
x<11>          |zero           |   30.801|
x<12>          |c_out          |   24.248|
x<12>          |res<0>         |   14.762|
x<12>          |res<11>        |    8.143|
x<12>          |res<12>        |    9.453|
x<12>          |res<13>        |   10.918|
x<12>          |res<14>        |   12.016|
x<12>          |res<15>        |   12.810|
x<12>          |res<16>        |   13.316|
x<12>          |res<17>        |   14.479|
x<12>          |res<18>        |   15.550|
x<12>          |res<19>        |   16.708|
x<12>          |res<20>        |   16.760|
x<12>          |res<21>        |   18.099|
x<12>          |res<22>        |   18.934|
x<12>          |res<23>        |   19.756|
x<12>          |res<24>        |   20.436|
x<12>          |res<25>        |   21.578|
x<12>          |res<26>        |   20.829|
x<12>          |res<27>        |   22.784|
x<12>          |res<28>        |   22.652|
x<12>          |res<29>        |   24.666|
x<12>          |res<30>        |   27.222|
x<12>          |res<31>        |   28.752|
x<12>          |v              |   24.040|
x<12>          |zero           |   29.172|
x<13>          |c_out          |   23.337|
x<13>          |res<0>         |   14.494|
x<13>          |res<12>        |    8.705|
x<13>          |res<13>        |    9.093|
x<13>          |res<14>        |   11.108|
x<13>          |res<15>        |   11.899|
x<13>          |res<16>        |   12.405|
x<13>          |res<17>        |   13.568|
x<13>          |res<18>        |   14.639|
x<13>          |res<19>        |   15.797|
x<13>          |res<20>        |   15.852|
x<13>          |res<21>        |   17.188|
x<13>          |res<22>        |   18.026|
x<13>          |res<23>        |   18.845|
x<13>          |res<24>        |   19.528|
x<13>          |res<25>        |   20.667|
x<13>          |res<26>        |   19.918|
x<13>          |res<27>        |   21.873|
x<13>          |res<28>        |   21.741|
x<13>          |res<29>        |   23.755|
x<13>          |res<30>        |   26.311|
x<13>          |res<31>        |   27.841|
x<13>          |v              |   23.129|
x<13>          |zero           |   28.261|
x<14>          |c_out          |   22.053|
x<14>          |res<0>         |   14.665|
x<14>          |res<13>        |    8.511|
x<14>          |res<14>        |    8.764|
x<14>          |res<15>        |   10.934|
x<14>          |res<16>        |   11.329|
x<14>          |res<17>        |   12.479|
x<14>          |res<18>        |   13.384|
x<14>          |res<19>        |   14.513|
x<14>          |res<20>        |   14.998|
x<14>          |res<21>        |   15.904|
x<14>          |res<22>        |   17.172|
x<14>          |res<23>        |   17.561|
x<14>          |res<24>        |   18.674|
x<14>          |res<25>        |   19.383|
x<14>          |res<26>        |   18.634|
x<14>          |res<27>        |   20.665|
x<14>          |res<28>        |   20.457|
x<14>          |res<29>        |   22.471|
x<14>          |res<30>        |   25.027|
x<14>          |res<31>        |   26.557|
x<14>          |v              |   21.845|
x<14>          |zero           |   26.977|
x<15>          |c_out          |   21.629|
x<15>          |res<0>         |   15.418|
x<15>          |res<14>        |    8.476|
x<15>          |res<15>        |    9.742|
x<15>          |res<16>        |   10.697|
x<15>          |res<17>        |   11.860|
x<15>          |res<18>        |   12.931|
x<15>          |res<19>        |   14.089|
x<15>          |res<20>        |   13.990|
x<15>          |res<21>        |   15.480|
x<15>          |res<22>        |   16.135|
x<15>          |res<23>        |   17.137|
x<15>          |res<24>        |   17.757|
x<15>          |res<25>        |   18.959|
x<15>          |res<26>        |   18.210|
x<15>          |res<27>        |   20.165|
x<15>          |res<28>        |   20.033|
x<15>          |res<29>        |   22.047|
x<15>          |res<30>        |   24.603|
x<15>          |res<31>        |   26.133|
x<15>          |v              |   21.421|
x<15>          |zero           |   26.553|
x<16>          |c_out          |   21.012|
x<16>          |res<0>         |   14.661|
x<16>          |res<15>        |    8.655|
x<16>          |res<16>        |    8.565|
x<16>          |res<17>        |   11.243|
x<16>          |res<18>        |   12.314|
x<16>          |res<19>        |   13.472|
x<16>          |res<20>        |   13.686|
x<16>          |res<21>        |   14.863|
x<16>          |res<22>        |   15.860|
x<16>          |res<23>        |   16.520|
x<16>          |res<24>        |   17.362|
x<16>          |res<25>        |   18.342|
x<16>          |res<26>        |   17.593|
x<16>          |res<27>        |   19.548|
x<16>          |res<28>        |   19.416|
x<16>          |res<29>        |   21.430|
x<16>          |res<30>        |   23.986|
x<16>          |res<31>        |   25.516|
x<16>          |v              |   20.804|
x<16>          |zero           |   25.936|
x<17>          |c_out          |   19.872|
x<17>          |res<0>         |   14.486|
x<17>          |res<16>        |    8.975|
x<17>          |res<17>        |    9.447|
x<17>          |res<18>        |   11.203|
x<17>          |res<19>        |   12.332|
x<17>          |res<20>        |   12.817|
x<17>          |res<21>        |   13.723|
x<17>          |res<22>        |   14.991|
x<17>          |res<23>        |   15.380|
x<17>          |res<24>        |   16.493|
x<17>          |res<25>        |   17.202|
x<17>          |res<26>        |   16.453|
x<17>          |res<27>        |   18.484|
x<17>          |res<28>        |   18.276|
x<17>          |res<29>        |   20.290|
x<17>          |res<30>        |   22.846|
x<17>          |res<31>        |   24.376|
x<17>          |v              |   19.664|
x<17>          |zero           |   24.796|
x<18>          |c_out          |   19.824|
x<18>          |res<0>         |   15.000|
x<18>          |res<17>        |    9.182|
x<18>          |res<18>        |    8.356|
x<18>          |res<19>        |   12.284|
x<18>          |res<20>        |   12.866|
x<18>          |res<21>        |   13.675|
x<18>          |res<22>        |   15.040|
x<18>          |res<23>        |   15.332|
x<18>          |res<24>        |   16.542|
x<18>          |res<25>        |   17.154|
x<18>          |res<26>        |   16.405|
x<18>          |res<27>        |   18.533|
x<18>          |res<28>        |   18.228|
x<18>          |res<29>        |   20.242|
x<18>          |res<30>        |   22.798|
x<18>          |res<31>        |   24.328|
x<18>          |v              |   19.616|
x<18>          |zero           |   24.748|
x<19>          |c_out          |   18.068|
x<19>          |res<0>         |   14.460|
x<19>          |res<18>        |    7.525|
x<19>          |res<19>        |   10.452|
x<19>          |res<20>        |   10.710|
x<19>          |res<21>        |   11.919|
x<19>          |res<22>        |   12.884|
x<19>          |res<23>        |   13.576|
x<19>          |res<24>        |   14.386|
x<19>          |res<25>        |   15.398|
x<19>          |res<26>        |   14.649|
x<19>          |res<27>        |   16.604|
x<19>          |res<28>        |   16.472|
x<19>          |res<29>        |   18.486|
x<19>          |res<30>        |   21.042|
x<19>          |res<31>        |   22.572|
x<19>          |v              |   17.860|
x<19>          |zero           |   22.992|
x<20>          |c_out          |   17.587|
x<20>          |res<0>         |   14.697|
x<20>          |res<19>        |    9.861|
x<20>          |res<20>        |    8.810|
x<20>          |res<21>        |   11.438|
x<20>          |res<22>        |   12.271|
x<20>          |res<23>        |   13.095|
x<20>          |res<24>        |   13.773|
x<20>          |res<25>        |   14.917|
x<20>          |res<26>        |   14.168|
x<20>          |res<27>        |   16.123|
x<20>          |res<28>        |   15.991|
x<20>          |res<29>        |   18.005|
x<20>          |res<30>        |   20.561|
x<20>          |res<31>        |   22.091|
x<20>          |v              |   17.379|
x<20>          |zero           |   22.511|
x<21>          |c_out          |   16.004|
x<21>          |res<0>         |   14.668|
x<21>          |res<20>        |    8.401|
x<21>          |res<21>        |    9.739|
x<21>          |res<22>        |   10.616|
x<21>          |res<23>        |   11.512|
x<21>          |res<24>        |   12.132|
x<21>          |res<25>        |   13.334|
x<21>          |res<26>        |   12.585|
x<21>          |res<27>        |   14.540|
x<21>          |res<28>        |   14.408|
x<21>          |res<29>        |   16.422|
x<21>          |res<30>        |   18.978|
x<21>          |res<31>        |   20.508|
x<21>          |v              |   15.796|
x<21>          |zero           |   20.928|
x<22>          |c_out          |   15.270|
x<22>          |res<0>         |   14.382|
x<22>          |res<21>        |    9.078|
x<22>          |res<22>        |    9.315|
x<22>          |res<23>        |   10.847|
x<22>          |res<24>        |   12.110|
x<22>          |res<25>        |   12.672|
x<22>          |res<26>        |   11.969|
x<22>          |res<27>        |   14.101|
x<22>          |res<28>        |   13.668|
x<22>          |res<29>        |   15.713|
x<22>          |res<30>        |   18.201|
x<22>          |res<31>        |   19.547|
x<22>          |v              |   15.062|
x<22>          |zero           |   19.967|
x<23>          |c_out          |   14.566|
x<23>          |res<0>         |   14.216|
x<23>          |res<22>        |    8.503|
x<23>          |res<23>        |    8.097|
x<23>          |res<24>        |   11.281|
x<23>          |res<25>        |   11.896|
x<23>          |res<26>        |   11.147|
x<23>          |res<27>        |   13.272|
x<23>          |res<28>        |   12.970|
x<23>          |res<29>        |   14.984|
x<23>          |res<30>        |   17.540|
x<23>          |res<31>        |   19.070|
x<23>          |v              |   14.358|
x<23>          |zero           |   19.490|
x<24>          |c_out          |   13.516|
x<24>          |res<0>         |   15.017|
x<24>          |res<23>        |    7.909|
x<24>          |res<24>        |    8.661|
x<24>          |res<25>        |   10.846|
x<24>          |res<26>        |   10.097|
x<24>          |res<27>        |   12.052|
x<24>          |res<28>        |   11.920|
x<24>          |res<29>        |   13.934|
x<24>          |res<30>        |   16.490|
x<24>          |res<31>        |   18.020|
x<24>          |v              |   13.308|
x<24>          |zero           |   18.440|
x<25>          |c_out          |   12.870|
x<25>          |res<0>         |   13.756|
x<25>          |res<24>        |    8.362|
x<25>          |res<25>        |    7.781|
x<25>          |res<26>        |    9.451|
x<25>          |res<27>        |   11.406|
x<25>          |res<28>        |   11.274|
x<25>          |res<29>        |   13.288|
x<25>          |res<30>        |   15.844|
x<25>          |res<31>        |   17.374|
x<25>          |v              |   12.662|
x<25>          |zero           |   17.794|
x<26>          |c_out          |   12.665|
x<26>          |res<0>         |   14.132|
x<26>          |res<25>        |    8.283|
x<26>          |res<26>        |    8.361|
x<26>          |res<27>        |   11.496|
x<26>          |res<28>        |   11.063|
x<26>          |res<29>        |   13.108|
x<26>          |res<30>        |   15.596|
x<26>          |res<31>        |   16.883|
x<26>          |v              |   12.457|
x<26>          |zero           |   17.303|
x<27>          |c_out          |   10.926|
x<27>          |res<0>         |   13.886|
x<27>          |res<26>        |    7.316|
x<27>          |res<27>        |    8.226|
x<27>          |res<28>        |    9.330|
x<27>          |res<29>        |   11.344|
x<27>          |res<30>        |   13.900|
x<27>          |res<31>        |   15.430|
x<27>          |v              |   10.718|
x<27>          |zero           |   15.850|
x<28>          |c_out          |   10.231|
x<28>          |res<0>         |   13.731|
x<28>          |res<27>        |    7.738|
x<28>          |res<28>        |    7.930|
x<28>          |res<29>        |   10.660|
x<28>          |res<30>        |   13.205|
x<28>          |res<31>        |   14.735|
x<28>          |v              |   10.023|
x<28>          |zero           |   15.155|
x<29>          |c_out          |    9.078|
x<29>          |res<0>         |   13.790|
x<29>          |res<28>        |    7.023|
x<29>          |res<29>        |    9.528|
x<29>          |res<30>        |   12.052|
x<29>          |res<31>        |   13.582|
x<29>          |v              |    8.870|
x<29>          |zero           |   14.002|
x<30>          |c_out          |    8.334|
x<30>          |res<0>         |   13.424|
x<30>          |res<29>        |    7.672|
x<30>          |res<30>        |   10.468|
x<30>          |res<31>        |   12.838|
x<30>          |v              |    8.126|
x<30>          |zero           |   13.402|
x<31>          |c_out          |    8.190|
x<31>          |res<0>         |   13.323|
x<31>          |res<30>        |   10.227|
x<31>          |res<31>        |   10.720|
x<31>          |v              |    7.982|
x<31>          |zero           |   13.301|
y<0>           |c_out          |   37.587|
y<0>           |res<0>         |   16.106|
y<0>           |res<1>         |   13.283|
y<0>           |res<2>         |   13.504|
y<0>           |res<3>         |   14.216|
y<0>           |res<4>         |   15.421|
y<0>           |res<5>         |   16.541|
y<0>           |res<6>         |   16.608|
y<0>           |res<7>         |   17.924|
y<0>           |res<8>         |   19.205|
y<0>           |res<9>         |   19.793|
y<0>           |res<10>        |   21.211|
y<0>           |res<11>        |   22.014|
y<0>           |res<12>        |   23.159|
y<0>           |res<13>        |   24.257|
y<0>           |res<14>        |   25.285|
y<0>           |res<15>        |   26.149|
y<0>           |res<16>        |   26.655|
y<0>           |res<17>        |   27.818|
y<0>           |res<18>        |   28.889|
y<0>           |res<19>        |   30.047|
y<0>           |res<20>        |   29.948|
y<0>           |res<21>        |   31.438|
y<0>           |res<22>        |   32.093|
y<0>           |res<23>        |   33.095|
y<0>           |res<24>        |   33.715|
y<0>           |res<25>        |   34.917|
y<0>           |res<26>        |   34.168|
y<0>           |res<27>        |   36.123|
y<0>           |res<28>        |   35.991|
y<0>           |res<29>        |   38.005|
y<0>           |res<30>        |   40.561|
y<0>           |res<31>        |   42.091|
y<0>           |v              |   37.379|
y<0>           |zero           |   42.511|
y<1>           |c_out          |   35.788|
y<1>           |res<0>         |   15.524|
y<1>           |res<1>         |   11.040|
y<1>           |res<2>         |   11.367|
y<1>           |res<3>         |   12.417|
y<1>           |res<4>         |   13.622|
y<1>           |res<5>         |   14.742|
y<1>           |res<6>         |   14.483|
y<1>           |res<7>         |   16.125|
y<1>           |res<8>         |   17.406|
y<1>           |res<9>         |   17.994|
y<1>           |res<10>        |   19.412|
y<1>           |res<11>        |   20.215|
y<1>           |res<12>        |   21.360|
y<1>           |res<13>        |   22.458|
y<1>           |res<14>        |   23.486|
y<1>           |res<15>        |   24.350|
y<1>           |res<16>        |   24.856|
y<1>           |res<17>        |   26.019|
y<1>           |res<18>        |   27.090|
y<1>           |res<19>        |   28.248|
y<1>           |res<20>        |   28.149|
y<1>           |res<21>        |   29.639|
y<1>           |res<22>        |   30.294|
y<1>           |res<23>        |   31.296|
y<1>           |res<24>        |   31.916|
y<1>           |res<25>        |   33.118|
y<1>           |res<26>        |   32.369|
y<1>           |res<27>        |   34.324|
y<1>           |res<28>        |   34.192|
y<1>           |res<29>        |   36.206|
y<1>           |res<30>        |   38.762|
y<1>           |res<31>        |   40.292|
y<1>           |v              |   35.580|
y<1>           |zero           |   40.712|
y<2>           |c_out          |   35.137|
y<2>           |res<0>         |   15.074|
y<2>           |res<2>         |   10.303|
y<2>           |res<3>         |   12.385|
y<2>           |res<4>         |   13.620|
y<2>           |res<5>         |   14.091|
y<2>           |res<6>         |   14.947|
y<2>           |res<7>         |   16.029|
y<2>           |res<8>         |   17.266|
y<2>           |res<9>         |   17.343|
y<2>           |res<10>        |   18.761|
y<2>           |res<11>        |   19.564|
y<2>           |res<12>        |   20.802|
y<2>           |res<13>        |   21.807|
y<2>           |res<14>        |   22.858|
y<2>           |res<15>        |   23.699|
y<2>           |res<16>        |   24.205|
y<2>           |res<17>        |   25.368|
y<2>           |res<18>        |   26.439|
y<2>           |res<19>        |   27.597|
y<2>           |res<20>        |   27.602|
y<2>           |res<21>        |   28.988|
y<2>           |res<22>        |   29.776|
y<2>           |res<23>        |   30.645|
y<2>           |res<24>        |   31.278|
y<2>           |res<25>        |   32.467|
y<2>           |res<26>        |   31.718|
y<2>           |res<27>        |   33.673|
y<2>           |res<28>        |   33.541|
y<2>           |res<29>        |   35.555|
y<2>           |res<30>        |   38.111|
y<2>           |res<31>        |   39.641|
y<2>           |v              |   34.929|
y<2>           |zero           |   40.061|
y<3>           |c_out          |   34.682|
y<3>           |res<0>         |   14.631|
y<3>           |res<3>         |   10.629|
y<3>           |res<4>         |   12.672|
y<3>           |res<5>         |   13.636|
y<3>           |res<6>         |   13.999|
y<3>           |res<7>         |   15.081|
y<3>           |res<8>         |   16.318|
y<3>           |res<9>         |   16.888|
y<3>           |res<10>        |   18.306|
y<3>           |res<11>        |   19.109|
y<3>           |res<12>        |   20.254|
y<3>           |res<13>        |   21.352|
y<3>           |res<14>        |   22.380|
y<3>           |res<15>        |   23.244|
y<3>           |res<16>        |   23.750|
y<3>           |res<17>        |   24.913|
y<3>           |res<18>        |   25.984|
y<3>           |res<19>        |   27.142|
y<3>           |res<20>        |   27.043|
y<3>           |res<21>        |   28.533|
y<3>           |res<22>        |   29.188|
y<3>           |res<23>        |   30.190|
y<3>           |res<24>        |   30.810|
y<3>           |res<25>        |   32.012|
y<3>           |res<26>        |   31.263|
y<3>           |res<27>        |   33.218|
y<3>           |res<28>        |   33.086|
y<3>           |res<29>        |   35.100|
y<3>           |res<30>        |   37.656|
y<3>           |res<31>        |   39.186|
y<3>           |v              |   34.474|
y<3>           |zero           |   39.606|
y<4>           |c_out          |   33.589|
y<4>           |res<0>         |   14.947|
y<4>           |res<4>         |   10.413|
y<4>           |res<5>         |   12.543|
y<4>           |res<6>         |   13.525|
y<4>           |res<7>         |   14.607|
y<4>           |res<8>         |   15.844|
y<4>           |res<9>         |   15.795|
y<4>           |res<10>        |   17.237|
y<4>           |res<11>        |   18.016|
y<4>           |res<12>        |   19.380|
y<4>           |res<13>        |   20.338|
y<4>           |res<14>        |   21.436|
y<4>           |res<15>        |   22.151|
y<4>           |res<16>        |   22.657|
y<4>           |res<17>        |   23.820|
y<4>           |res<18>        |   24.891|
y<4>           |res<19>        |   26.049|
y<4>           |res<20>        |   26.180|
y<4>           |res<21>        |   27.440|
y<4>           |res<22>        |   28.354|
y<4>           |res<23>        |   29.097|
y<4>           |res<24>        |   29.856|
y<4>           |res<25>        |   30.919|
y<4>           |res<26>        |   30.170|
y<4>           |res<27>        |   32.125|
y<4>           |res<28>        |   31.993|
y<4>           |res<29>        |   34.007|
y<4>           |res<30>        |   36.563|
y<4>           |res<31>        |   38.093|
y<4>           |v              |   33.381|
y<4>           |zero           |   38.513|
y<5>           |c_out          |   33.733|
y<5>           |res<0>         |   14.894|
y<5>           |res<5>         |   10.880|
y<5>           |res<6>         |   12.795|
y<5>           |res<7>         |   14.070|
y<5>           |res<8>         |   15.351|
y<5>           |res<9>         |   15.939|
y<5>           |res<10>        |   17.357|
y<5>           |res<11>        |   18.160|
y<5>           |res<12>        |   19.305|
y<5>           |res<13>        |   20.403|
y<5>           |res<14>        |   21.431|
y<5>           |res<15>        |   22.295|
y<5>           |res<16>        |   22.801|
y<5>           |res<17>        |   23.964|
y<5>           |res<18>        |   25.035|
y<5>           |res<19>        |   26.193|
y<5>           |res<20>        |   26.094|
y<5>           |res<21>        |   27.584|
y<5>           |res<22>        |   28.239|
y<5>           |res<23>        |   29.241|
y<5>           |res<24>        |   29.861|
y<5>           |res<25>        |   31.063|
y<5>           |res<26>        |   30.314|
y<5>           |res<27>        |   32.269|
y<5>           |res<28>        |   32.137|
y<5>           |res<29>        |   34.151|
y<5>           |res<30>        |   36.707|
y<5>           |res<31>        |   38.237|
y<5>           |v              |   33.525|
y<5>           |zero           |   38.657|
y<6>           |c_out          |   31.494|
y<6>           |res<0>         |   15.819|
y<6>           |res<6>         |    9.463|
y<6>           |res<7>         |   12.068|
y<6>           |res<8>         |   13.305|
y<6>           |res<9>         |   13.700|
y<6>           |res<10>        |   15.118|
y<6>           |res<11>        |   15.921|
y<6>           |res<12>        |   17.066|
y<6>           |res<13>        |   18.164|
y<6>           |res<14>        |   19.192|
y<6>           |res<15>        |   20.056|
y<6>           |res<16>        |   20.562|
y<6>           |res<17>        |   21.725|
y<6>           |res<18>        |   22.796|
y<6>           |res<19>        |   23.954|
y<6>           |res<20>        |   23.855|
y<6>           |res<21>        |   25.345|
y<6>           |res<22>        |   26.000|
y<6>           |res<23>        |   27.002|
y<6>           |res<24>        |   27.622|
y<6>           |res<25>        |   28.824|
y<6>           |res<26>        |   28.075|
y<6>           |res<27>        |   30.030|
y<6>           |res<28>        |   29.898|
y<6>           |res<29>        |   31.912|
y<6>           |res<30>        |   34.468|
y<6>           |res<31>        |   35.998|
y<6>           |v              |   31.286|
y<6>           |zero           |   36.418|
y<7>           |c_out          |   30.947|
y<7>           |res<0>         |   14.516|
y<7>           |res<7>         |   11.339|
y<7>           |res<8>         |   12.817|
y<7>           |res<9>         |   13.153|
y<7>           |res<10>        |   14.571|
y<7>           |res<11>        |   15.374|
y<7>           |res<12>        |   16.519|
y<7>           |res<13>        |   17.617|
y<7>           |res<14>        |   18.645|
y<7>           |res<15>        |   19.509|
y<7>           |res<16>        |   20.015|
y<7>           |res<17>        |   21.178|
y<7>           |res<18>        |   22.249|
y<7>           |res<19>        |   23.407|
y<7>           |res<20>        |   23.308|
y<7>           |res<21>        |   24.798|
y<7>           |res<22>        |   25.453|
y<7>           |res<23>        |   26.455|
y<7>           |res<24>        |   27.075|
y<7>           |res<25>        |   28.277|
y<7>           |res<26>        |   27.528|
y<7>           |res<27>        |   29.483|
y<7>           |res<28>        |   29.351|
y<7>           |res<29>        |   31.365|
y<7>           |res<30>        |   33.921|
y<7>           |res<31>        |   35.451|
y<7>           |v              |   30.739|
y<7>           |zero           |   35.871|
y<8>           |c_out          |   29.496|
y<8>           |res<0>         |   14.286|
y<8>           |res<8>         |   10.596|
y<8>           |res<9>         |   11.702|
y<8>           |res<10>        |   13.147|
y<8>           |res<11>        |   13.923|
y<8>           |res<12>        |   15.290|
y<8>           |res<13>        |   16.248|
y<8>           |res<14>        |   17.346|
y<8>           |res<15>        |   18.058|
y<8>           |res<16>        |   18.564|
y<8>           |res<17>        |   19.727|
y<8>           |res<18>        |   20.798|
y<8>           |res<19>        |   21.956|
y<8>           |res<20>        |   22.090|
y<8>           |res<21>        |   23.347|
y<8>           |res<22>        |   24.264|
y<8>           |res<23>        |   25.004|
y<8>           |res<24>        |   25.766|
y<8>           |res<25>        |   26.826|
y<8>           |res<26>        |   26.077|
y<8>           |res<27>        |   28.032|
y<8>           |res<28>        |   27.900|
y<8>           |res<29>        |   29.914|
y<8>           |res<30>        |   32.470|
y<8>           |res<31>        |   34.000|
y<8>           |v              |   29.288|
y<8>           |zero           |   34.420|
y<9>           |c_out          |   28.883|
y<9>           |res<0>         |   14.419|
y<9>           |res<9>         |   10.753|
y<9>           |res<10>        |   12.507|
y<9>           |res<11>        |   13.310|
y<9>           |res<12>        |   14.455|
y<9>           |res<13>        |   15.553|
y<9>           |res<14>        |   16.581|
y<9>           |res<15>        |   17.445|
y<9>           |res<16>        |   17.951|
y<9>           |res<17>        |   19.114|
y<9>           |res<18>        |   20.185|
y<9>           |res<19>        |   21.343|
y<9>           |res<20>        |   21.244|
y<9>           |res<21>        |   22.734|
y<9>           |res<22>        |   23.402|
y<9>           |res<23>        |   24.391|
y<9>           |res<24>        |   25.011|
y<9>           |res<25>        |   26.213|
y<9>           |res<26>        |   25.464|
y<9>           |res<27>        |   27.419|
y<9>           |res<28>        |   27.287|
y<9>           |res<29>        |   29.301|
y<9>           |res<30>        |   31.857|
y<9>           |res<31>        |   33.387|
y<9>           |v              |   28.675|
y<9>           |zero           |   33.807|
y<10>          |c_out          |   28.281|
y<10>          |res<0>         |   14.601|
y<10>          |res<10>        |   11.073|
y<10>          |res<11>        |   12.708|
y<10>          |res<12>        |   14.190|
y<10>          |res<13>        |   15.148|
y<10>          |res<14>        |   16.246|
y<10>          |res<15>        |   16.926|
y<10>          |res<16>        |   17.349|
y<10>          |res<17>        |   18.512|
y<10>          |res<18>        |   19.583|
y<10>          |res<19>        |   20.741|
y<10>          |res<20>        |   20.990|
y<10>          |res<21>        |   22.132|
y<10>          |res<22>        |   23.164|
y<10>          |res<23>        |   23.789|
y<10>          |res<24>        |   24.666|
y<10>          |res<25>        |   25.611|
y<10>          |res<26>        |   24.862|
y<10>          |res<27>        |   26.817|
y<10>          |res<28>        |   26.685|
y<10>          |res<29>        |   28.699|
y<10>          |res<30>        |   31.255|
y<10>          |res<31>        |   32.785|
y<10>          |v              |   28.073|
y<10>          |zero           |   33.205|
y<11>          |c_out          |   27.062|
y<11>          |res<0>         |   14.076|
y<11>          |res<11>        |    9.885|
y<11>          |res<12>        |   12.800|
y<11>          |res<13>        |   13.758|
y<11>          |res<14>        |   14.856|
y<11>          |res<15>        |   15.624|
y<11>          |res<16>        |   16.130|
y<11>          |res<17>        |   17.293|
y<11>          |res<18>        |   18.364|
y<11>          |res<19>        |   19.522|
y<11>          |res<20>        |   19.600|
y<11>          |res<21>        |   20.913|
y<11>          |res<22>        |   21.774|
y<11>          |res<23>        |   22.570|
y<11>          |res<24>        |   23.276|
y<11>          |res<25>        |   24.392|
y<11>          |res<26>        |   23.643|
y<11>          |res<27>        |   25.598|
y<11>          |res<28>        |   25.466|
y<11>          |res<29>        |   27.480|
y<11>          |res<30>        |   30.036|
y<11>          |res<31>        |   31.566|
y<11>          |v              |   26.854|
y<11>          |zero           |   31.986|
y<12>          |c_out          |   26.613|
y<12>          |res<0>         |   14.449|
y<12>          |res<12>        |   10.661|
y<12>          |res<13>        |   13.469|
y<12>          |res<14>        |   14.567|
y<12>          |res<15>        |   15.247|
y<12>          |res<16>        |   15.681|
y<12>          |res<17>        |   16.844|
y<12>          |res<18>        |   17.915|
y<12>          |res<19>        |   19.073|
y<12>          |res<20>        |   19.311|
y<12>          |res<21>        |   20.464|
y<12>          |res<22>        |   21.485|
y<12>          |res<23>        |   22.121|
y<12>          |res<24>        |   22.987|
y<12>          |res<25>        |   23.943|
y<12>          |res<26>        |   23.194|
y<12>          |res<27>        |   25.149|
y<12>          |res<28>        |   25.017|
y<12>          |res<29>        |   27.031|
y<12>          |res<30>        |   29.587|
y<12>          |res<31>        |   31.117|
y<12>          |v              |   26.405|
y<12>          |zero           |   31.537|
y<13>          |c_out          |   25.047|
y<13>          |res<0>         |   13.876|
y<13>          |res<13>        |   10.999|
y<13>          |res<14>        |   13.236|
y<13>          |res<15>        |   13.916|
y<13>          |res<16>        |   14.311|
y<13>          |res<17>        |   15.461|
y<13>          |res<18>        |   16.366|
y<13>          |res<19>        |   17.507|
y<13>          |res<20>        |   17.980|
y<13>          |res<21>        |   18.898|
y<13>          |res<22>        |   20.154|
y<13>          |res<23>        |   20.555|
y<13>          |res<24>        |   21.656|
y<13>          |res<25>        |   22.377|
y<13>          |res<26>        |   21.628|
y<13>          |res<27>        |   23.647|
y<13>          |res<28>        |   23.451|
y<13>          |res<29>        |   25.465|
y<13>          |res<30>        |   28.021|
y<13>          |res<31>        |   29.551|
y<13>          |v              |   24.839|
y<13>          |zero           |   29.971|
y<14>          |c_out          |   25.104|
y<14>          |res<0>         |   14.496|
y<14>          |res<14>        |   10.791|
y<14>          |res<15>        |   13.666|
y<14>          |res<16>        |   14.172|
y<14>          |res<17>        |   15.335|
y<14>          |res<18>        |   16.406|
y<14>          |res<19>        |   17.564|
y<14>          |res<20>        |   17.722|
y<14>          |res<21>        |   18.955|
y<14>          |res<22>        |   19.896|
y<14>          |res<23>        |   20.612|
y<14>          |res<24>        |   21.398|
y<14>          |res<25>        |   22.434|
y<14>          |res<26>        |   21.685|
y<14>          |res<27>        |   23.640|
y<14>          |res<28>        |   23.508|
y<14>          |res<29>        |   25.522|
y<14>          |res<30>        |   28.078|
y<14>          |res<31>        |   29.608|
y<14>          |v              |   24.896|
y<14>          |zero           |   30.028|
y<15>          |c_out          |   23.879|
y<15>          |res<0>         |   14.411|
y<15>          |res<15>        |   10.698|
y<15>          |res<16>        |   12.947|
y<15>          |res<17>        |   14.110|
y<15>          |res<18>        |   15.181|
y<15>          |res<19>        |   16.339|
y<15>          |res<20>        |   16.240|
y<15>          |res<21>        |   17.730|
y<15>          |res<22>        |   18.385|
y<15>          |res<23>        |   19.387|
y<15>          |res<24>        |   20.007|
y<15>          |res<25>        |   21.209|
y<15>          |res<26>        |   20.460|
y<15>          |res<27>        |   22.415|
y<15>          |res<28>        |   22.283|
y<15>          |res<29>        |   24.297|
y<15>          |res<30>        |   26.853|
y<15>          |res<31>        |   28.383|
y<15>          |v              |   23.671|
y<15>          |zero           |   28.803|
y<16>          |c_out          |   22.337|
y<16>          |res<0>         |   14.160|
y<16>          |res<16>        |   10.296|
y<16>          |res<17>        |   12.826|
y<16>          |res<18>        |   13.731|
y<16>          |res<19>        |   14.797|
y<16>          |res<20>        |   15.345|
y<16>          |res<21>        |   16.188|
y<16>          |res<22>        |   17.519|
y<16>          |res<23>        |   17.845|
y<16>          |res<24>        |   19.021|
y<16>          |res<25>        |   19.667|
y<16>          |res<26>        |   18.918|
y<16>          |res<27>        |   21.012|
y<16>          |res<28>        |   20.741|
y<16>          |res<29>        |   22.755|
y<16>          |res<30>        |   25.311|
y<16>          |res<31>        |   26.841|
y<16>          |v              |   22.129|
y<16>          |zero           |   27.261|
y<17>          |c_out          |   21.145|
y<17>          |res<0>         |   14.747|
y<17>          |res<17>        |   10.274|
y<17>          |res<18>        |   12.480|
y<17>          |res<19>        |   13.605|
y<17>          |res<20>        |   14.094|
y<17>          |res<21>        |   14.996|
y<17>          |res<22>        |   16.268|
y<17>          |res<23>        |   16.653|
y<17>          |res<24>        |   17.770|
y<17>          |res<25>        |   18.475|
y<17>          |res<26>        |   17.726|
y<17>          |res<27>        |   19.761|
y<17>          |res<28>        |   19.549|
y<17>          |res<29>        |   21.563|
y<17>          |res<30>        |   24.119|
y<17>          |res<31>        |   25.649|
y<17>          |v              |   20.937|
y<17>          |zero           |   26.069|
y<18>          |c_out          |   20.906|
y<18>          |res<0>         |   14.250|
y<18>          |res<18>        |   10.587|
y<18>          |res<19>        |   13.395|
y<18>          |res<20>        |   14.009|
y<18>          |res<21>        |   14.757|
y<18>          |res<22>        |   16.183|
y<18>          |res<23>        |   16.422|
y<18>          |res<24>        |   17.685|
y<18>          |res<25>        |   18.247|
y<18>          |res<26>        |   17.544|
y<18>          |res<27>        |   19.676|
y<18>          |res<28>        |   19.310|
y<18>          |res<29>        |   21.324|
y<18>          |res<30>        |   23.880|
y<18>          |res<31>        |   25.410|
y<18>          |v              |   20.698|
y<18>          |zero           |   25.830|
y<19>          |c_out          |   19.830|
y<19>          |res<0>         |   14.187|
y<19>          |res<19>        |   11.054|
y<19>          |res<20>        |   12.236|
y<19>          |res<21>        |   13.681|
y<19>          |res<22>        |   14.410|
y<19>          |res<23>        |   15.338|
y<19>          |res<24>        |   15.958|
y<19>          |res<25>        |   17.160|
y<19>          |res<26>        |   16.411|
y<19>          |res<27>        |   18.366|
y<19>          |res<28>        |   18.234|
y<19>          |res<29>        |   20.248|
y<19>          |res<30>        |   22.804|
y<19>          |res<31>        |   24.334|
y<19>          |v              |   19.622|
y<19>          |zero           |   24.754|
y<20>          |c_out          |   19.994|
y<20>          |res<0>         |   14.789|
y<20>          |res<20>        |   11.520|
y<20>          |res<21>        |   13.845|
y<20>          |res<22>        |   15.211|
y<20>          |res<23>        |   15.502|
y<20>          |res<24>        |   16.713|
y<20>          |res<25>        |   17.324|
y<20>          |res<26>        |   16.575|
y<20>          |res<27>        |   18.704|
y<20>          |res<28>        |   18.398|
y<20>          |res<29>        |   20.412|
y<20>          |res<30>        |   22.968|
y<20>          |res<31>        |   24.498|
y<20>          |v              |   19.786|
y<20>          |zero           |   24.918|
y<21>          |c_out          |   17.958|
y<21>          |res<0>         |   14.024|
y<21>          |res<21>        |   11.002|
y<21>          |res<22>        |   12.464|
y<21>          |res<23>        |   13.466|
y<21>          |res<24>        |   14.086|
y<21>          |res<25>        |   15.288|
y<21>          |res<26>        |   14.539|
y<21>          |res<27>        |   16.494|
y<21>          |res<28>        |   16.362|
y<21>          |res<29>        |   18.376|
y<21>          |res<30>        |   20.932|
y<21>          |res<31>        |   22.462|
y<21>          |v              |   17.750|
y<21>          |zero           |   22.882|
y<22>          |c_out          |   16.678|
y<22>          |res<0>         |   14.151|
y<22>          |res<22>        |   11.856|
y<22>          |res<23>        |   12.186|
y<22>          |res<24>        |   13.401|
y<22>          |res<25>        |   14.008|
y<22>          |res<26>        |   13.260|
y<22>          |res<27>        |   15.392|
y<22>          |res<28>        |   15.082|
y<22>          |res<29>        |   17.096|
y<22>          |res<30>        |   19.652|
y<22>          |res<31>        |   21.182|
y<22>          |v              |   16.470|
y<22>          |zero           |   21.602|
y<23>          |c_out          |   15.966|
y<23>          |res<0>         |   14.000|
y<23>          |res<23>        |   10.555|
y<23>          |res<24>        |   12.511|
y<23>          |res<25>        |   13.296|
y<23>          |res<26>        |   12.547|
y<23>          |res<27>        |   14.502|
y<23>          |res<28>        |   14.370|
y<23>          |res<29>        |   16.384|
y<23>          |res<30>        |   18.940|
y<23>          |res<31>        |   20.470|
y<23>          |v              |   15.758|
y<23>          |zero           |   20.890|
y<24>          |c_out          |   15.180|
y<24>          |res<0>         |   14.518|
y<24>          |res<24>        |   11.341|
y<24>          |res<25>        |   12.510|
y<24>          |res<26>        |   11.761|
y<24>          |res<27>        |   13.814|
y<24>          |res<28>        |   13.584|
y<24>          |res<29>        |   15.598|
y<24>          |res<30>        |   18.154|
y<24>          |res<31>        |   19.684|
y<24>          |v              |   14.972|
y<24>          |zero           |   20.104|
y<25>          |c_out          |   15.103|
y<25>          |res<0>         |   14.538|
y<25>          |res<25>        |   10.215|
y<25>          |res<26>        |   11.684|
y<25>          |res<27>        |   13.684|
y<25>          |res<28>        |   13.507|
y<25>          |res<29>        |   15.521|
y<25>          |res<30>        |   18.077|
y<25>          |res<31>        |   19.607|
y<25>          |v              |   14.895|
y<25>          |zero           |   20.027|
y<26>          |c_out          |   13.756|
y<26>          |res<0>         |   14.325|
y<26>          |res<26>        |    9.410|
y<26>          |res<27>        |   12.587|
y<26>          |res<28>        |   12.154|
y<26>          |res<29>        |   14.199|
y<26>          |res<30>        |   16.703|
y<26>          |res<31>        |   18.233|
y<26>          |v              |   13.548|
y<26>          |zero           |   18.653|
y<27>          |c_out          |   12.136|
y<27>          |res<0>         |   14.165|
y<27>          |res<27>        |    9.769|
y<27>          |res<28>        |   10.540|
y<27>          |res<29>        |   12.554|
y<27>          |res<30>        |   15.110|
y<27>          |res<31>        |   16.640|
y<27>          |v              |   11.928|
y<27>          |zero           |   17.060|
y<28>          |c_out          |   11.779|
y<28>          |res<0>         |   14.244|
y<28>          |res<28>        |    9.231|
y<28>          |res<29>        |   12.216|
y<28>          |res<30>        |   14.753|
y<28>          |res<31>        |   16.283|
y<28>          |v              |   11.571|
y<28>          |zero           |   16.703|
y<29>          |c_out          |   10.623|
y<29>          |res<0>         |   14.286|
y<29>          |res<29>        |    9.939|
y<29>          |res<30>        |   13.589|
y<29>          |res<31>        |   15.119|
y<29>          |v              |   10.415|
y<29>          |zero           |   15.539|
y<30>          |c_out          |    9.625|
y<30>          |res<0>         |   14.208|
y<30>          |res<30>        |   10.753|
y<30>          |res<31>        |   14.129|
y<30>          |v              |    9.417|
y<30>          |zero           |   14.549|
y<31>          |c_out          |    7.994|
y<31>          |res<0>         |   14.131|
y<31>          |res<31>        |   12.323|
y<31>          |v              |    7.786|
y<31>          |zero           |   14.109|
---------------+---------------+---------+


Analysis completed Wed Jan 29 15:28:51 2020 
--------------------------------------------------------------------------------

Trace Settings:
-------------------------
Trace Settings 

Peak Memory Usage: 350 MB



